Component: ARM Compiler 5.06 update 4 (build 422) Tool: armlink [4d35d2]

==============================================================================

Section Cross References

    startup_stm32f10x_md.o(STACK) refers (Special) to heapauxi.o(.text) for __use_two_region_memory
    startup_stm32f10x_md.o(HEAP) refers (Special) to heapauxi.o(.text) for __use_two_region_memory
    startup_stm32f10x_md.o(RESET) refers (Special) to heapauxi.o(.text) for __use_two_region_memory
    startup_stm32f10x_md.o(RESET) refers to startup_stm32f10x_md.o(STACK) for __initial_sp
    startup_stm32f10x_md.o(RESET) refers to startup_stm32f10x_md.o(.text) for Reset_Handler
    startup_stm32f10x_md.o(RESET) refers to stm32f10x_it.o(i.NMI_Handler) for NMI_Handler
    startup_stm32f10x_md.o(RESET) refers to stm32f10x_it.o(i.HardFault_Handler) for HardFault_Handler
    startup_stm32f10x_md.o(RESET) refers to stm32f10x_it.o(i.MemManage_Handler) for MemManage_Handler
    startup_stm32f10x_md.o(RESET) refers to stm32f10x_it.o(i.BusFault_Handler) for BusFault_Handler
    startup_stm32f10x_md.o(RESET) refers to stm32f10x_it.o(i.UsageFault_Handler) for UsageFault_Handler
    startup_stm32f10x_md.o(RESET) refers to stm32f10x_it.o(i.SVC_Handler) for SVC_Handler
    startup_stm32f10x_md.o(RESET) refers to stm32f10x_it.o(i.DebugMon_Handler) for DebugMon_Handler
    startup_stm32f10x_md.o(RESET) refers to stm32f10x_it.o(i.PendSV_Handler) for PendSV_Handler
    startup_stm32f10x_md.o(RESET) refers to stm32f10x_it.o(i.SysTick_Handler) for SysTick_Handler
    startup_stm32f10x_md.o(RESET) refers to usart.o(i.USART1_IRQHandler) for USART1_IRQHandler
    startup_stm32f10x_md.o(.text) refers (Special) to heapauxi.o(.text) for __use_two_region_memory
    startup_stm32f10x_md.o(.text) refers to system_stm32f10x.o(i.SystemInit) for SystemInit
    startup_stm32f10x_md.o(.text) refers to __main.o(!!!main) for __main
    startup_stm32f10x_md.o(.text) refers to startup_stm32f10x_md.o(HEAP) for Heap_Mem
    startup_stm32f10x_md.o(.text) refers to startup_stm32f10x_md.o(STACK) for Stack_Mem
    main.o(i.main) refers to _printf_percent.o(.ARM.Collect$$_printf_percent$$00000000) for _printf_percent
    main.o(i.main) refers to _printf_f.o(.ARM.Collect$$_printf_percent$$00000003) for _printf_f
    main.o(i.main) refers to printf1.o(x$fpl$printf1) for _printf_fp_dec
    main.o(i.main) refers to rt_memclr_w.o(.text) for __aeabi_memclr4
    main.o(i.main) refers to delay.o(i.delay_init) for delay_init
    main.o(i.main) refers to usart.o(i.uart_init) for uart_init
    main.o(i.main) refers to oled.o(i.OLED_Init) for OLED_Init
    main.o(i.main) refers to buzzer.o(i.Buzzer_GPIO_Init) for Buzzer_GPIO_Init
    main.o(i.main) refers to stm32f10x_gpio.o(i.GPIO_SetBits) for GPIO_SetBits
    main.o(i.main) refers to oled.o(i.OLED_Clear) for OLED_Clear
    main.o(i.main) refers to led.o(i.LED_Init) for LED_Init
    main.o(i.main) refers to mlx90614.o(i.SMBus_Init) for SMBus_Init
    main.o(i.main) refers to oled.o(i.display) for display
    main.o(i.main) refers to mlx90614.o(i.SMBus_ReadTemp) for SMBus_ReadTemp
    main.o(i.main) refers to f2d.o(x$fpl$f2d) for __aeabi_f2d
    main.o(i.main) refers to noretval__2printf.o(.text) for __2printf
    main.o(i.main) refers to delay.o(i.delay_ms) for delay_ms
    main.o(i.main) refers to noretval__2sprintf.o(.text) for __2sprintf
    main.o(i.main) refers to oled.o(i.OLED_ShowCHinese16x16) for OLED_ShowCHinese16x16
    main.o(i.main) refers to oled.o(i.OLED_ShowString) for OLED_ShowString
    main.o(i.main) refers to frleqf.o(x$fpl$frleqf) for __aeabi_cfrcmple
    main.o(i.main) refers to buzzer.o(i.Buzzer0) for Buzzer0
    main.o(i.main) refers to buzzer.o(i.Buzzer1) for Buzzer1
    main.o(i.main) refers to main.o(.data) for TempCompany
    system_stm32f10x.o(i.SetSysClock) refers to system_stm32f10x.o(i.SetSysClockTo72) for SetSysClockTo72
    system_stm32f10x.o(i.SystemCoreClockUpdate) refers to system_stm32f10x.o(.data) for SystemCoreClock
    system_stm32f10x.o(i.SystemInit) refers to system_stm32f10x.o(i.SetSysClock) for SetSysClock
    stm32f10x_adc.o(i.ADC_DeInit) refers to stm32f10x_rcc.o(i.RCC_APB2PeriphResetCmd) for RCC_APB2PeriphResetCmd
    stm32f10x_bkp.o(i.BKP_DeInit) refers to stm32f10x_rcc.o(i.RCC_BackupResetCmd) for RCC_BackupResetCmd
    stm32f10x_can.o(i.CAN_DeInit) refers to stm32f10x_rcc.o(i.RCC_APB1PeriphResetCmd) for RCC_APB1PeriphResetCmd
    stm32f10x_can.o(i.CAN_GetITStatus) refers to stm32f10x_can.o(i.CheckITStatus) for CheckITStatus
    stm32f10x_cec.o(i.CEC_DeInit) refers to stm32f10x_rcc.o(i.RCC_APB1PeriphResetCmd) for RCC_APB1PeriphResetCmd
    stm32f10x_dac.o(i.DAC_DeInit) refers to stm32f10x_rcc.o(i.RCC_APB1PeriphResetCmd) for RCC_APB1PeriphResetCmd
    stm32f10x_flash.o(i.FLASH_EnableWriteProtection) refers to stm32f10x_flash.o(i.FLASH_WaitForLastOperation) for FLASH_WaitForLastOperation
[...]
    Removing stm32f10x_tim.o(i.TIM_OC2PolarityConfig), (26 bytes).
    Removing stm32f10x_tim.o(i.TIM_OC2PreloadConfig), (26 bytes).
    Removing stm32f10x_tim.o(i.TIM_OC3FastConfig), (18 bytes).
    Removing stm32f10x_tim.o(i.TIM_OC3Init), (160 bytes).
    Removing stm32f10x_tim.o(i.TIM_OC3NPolarityConfig), (26 bytes).
    Removing stm32f10x_tim.o(i.TIM_OC3PolarityConfig), (26 bytes).
    Removing stm32f10x_tim.o(i.TIM_OC3PreloadConfig), (18 bytes).
    Removing stm32f10x_tim.o(i.TIM_OC4FastConfig), (26 bytes).
    Removing stm32f10x_tim.o(i.TIM_OC4Init), (124 bytes).
    Removing stm32f10x_tim.o(i.TIM_OC4PolarityConfig), (26 bytes).
    Removing stm32f10x_tim.o(i.TIM_OC4PreloadConfig), (26 bytes).
    Removing stm32f10x_tim.o(i.TIM_OCStructInit), (20 bytes).
    Removing stm32f10x_tim.o(i.TIM_PWMIConfig), (124 bytes).
    Removing stm32f10x_tim.o(i.TIM_PrescalerConfig), (6 bytes).
    Removing stm32f10x_tim.o(i.TIM_SelectCCDMA), (24 bytes).
    Removing stm32f10x_tim.o(i.TIM_SelectCOM), (24 bytes).
    Removing stm32f10x_tim.o(i.TIM_SelectHallSensor), (24 bytes).
    Removing stm32f10x_tim.o(i.TIM_SelectInputTrigger), (18 bytes).
    Removing stm32f10x_tim.o(i.TIM_SelectMasterSlaveMode), (18 bytes).
    Removing stm32f10x_tim.o(i.TIM_SelectOCxM), (82 bytes).
    Removing stm32f10x_tim.o(i.TIM_SelectOnePulseMode), (18 bytes).
    Removing stm32f10x_tim.o(i.TIM_SelectOutputTrigger), (18 bytes).
    Removing stm32f10x_tim.o(i.TIM_SelectSlaveMode), (18 bytes).
    Removing stm32f10x_tim.o(i.TIM_SetAutoreload), (4 bytes).
    Removing stm32f10x_tim.o(i.TIM_SetClockDivision), (18 bytes).
    Removing stm32f10x_tim.o(i.TIM_SetCompare1), (4 bytes).
    Removing stm32f10x_tim.o(i.TIM_SetCompare2), (4 bytes).
    Removing stm32f10x_tim.o(i.TIM_SetCompare3), (4 bytes).
    Removing stm32f10x_tim.o(i.TIM_SetCompare4), (6 bytes).
    Removing stm32f10x_tim.o(i.TIM_SetCounter), (4 bytes).
    Removing stm32f10x_tim.o(i.TIM_SetIC1Prescaler), (18 bytes).
    Removing stm32f10x_tim.o(i.TIM_SetIC2Prescaler), (26 bytes).
    Removing stm32f10x_tim.o(i.TIM_SetIC3Prescaler), (18 bytes).
    Removing stm32f10x_tim.o(i.TIM_SetIC4Prescaler), (26 bytes).
    Removing stm32f10x_tim.o(i.TIM_TIxExternalClockConfig), (62 bytes).
    Removing stm32f10x_tim.o(i.TIM_TimeBaseInit), (164 bytes).
    Removing stm32f10x_tim.o(i.TIM_TimeBaseStructInit), (18 bytes).
    Removing stm32f10x_tim.o(i.TIM_UpdateDisableConfig), (24 bytes).
    Removing stm32f10x_tim.o(i.TIM_UpdateRequestConfig), (24 bytes).
    Removing stm32f10x_usart.o(i.USART_ClearFlag), (18 bytes).
    Removing stm32f10x_usart.o(i.USART_ClearITPendingBit), (30 bytes).
    Removing stm32f10x_usart.o(i.USART_ClockInit), (34 bytes).
    Removing stm32f10x_usart.o(i.USART_ClockStructInit), (12 bytes).
    Removing stm32f10x_usart.o(i.USART_DMACmd), (18 bytes).
    Removing stm32f10x_usart.o(i.USART_DeInit), (156 bytes).
    Removing stm32f10x_usart.o(i.USART_GetFlagStatus), (26 bytes).
    Removing stm32f10x_usart.o(i.USART_HalfDuplexCmd), (24 bytes).
    Removing stm32f10x_usart.o(i.USART_IrDACmd), (24 bytes).
    Removing stm32f10x_usart.o(i.USART_IrDAConfig), (18 bytes).
    Removing stm32f10x_usart.o(i.USART_LINBreakDetectLengthConfig), (18 bytes).
    Removing stm32f10x_usart.o(i.USART_LINCmd), (24 bytes).
    Removing stm32f10x_usart.o(i.USART_OneBitMethodCmd), (24 bytes).
    Removing stm32f10x_usart.o(i.USART_OverSampling8Cmd), (22 bytes).
    Removing stm32f10x_usart.o(i.USART_ReceiverWakeUpCmd), (24 bytes).
    Removing stm32f10x_usart.o(i.USART_SendBreak), (10 bytes).
    Removing stm32f10x_usart.o(i.USART_SendData), (8 bytes).
    Removing stm32f10x_usart.o(i.USART_SetAddress), (18 bytes).
    Removing stm32f10x_usart.o(i.USART_SetGuardTime), (16 bytes).
    Removing stm32f10x_usart.o(i.USART_SetPrescaler), (16 bytes).
    Removing stm32f10x_usart.o(i.USART_SmartCardCmd), (24 bytes).
    Removing stm32f10x_usart.o(i.USART_SmartCardNACKCmd), (24 bytes).
    Removing stm32f10x_usart.o(i.USART_StructInit), (24 bytes).
    Removing stm32f10x_usart.o(i.USART_WakeUpConfig), (18 bytes).
    Removing stm32f10x_wwdg.o(i.WWDG_ClearFlag), (12 bytes).
    Removing stm32f10x_wwdg.o(i.WWDG_DeInit), (22 bytes).
    Removing stm32f10x_wwdg.o(i.WWDG_Enable), (16 bytes).
    Removing stm32f10x_wwdg.o(i.WWDG_EnableIT), (12 bytes).
    Removing stm32f10x_wwdg.o(i.WWDG_GetFlagStatus), (12 bytes).
    Removing stm32f10x_wwdg.o(i.WWDG_SetCounter), (16 bytes).
    Removing stm32f10x_wwdg.o(i.WWDG_SetPrescaler), (24 bytes).
    Removing stm32f10x_wwdg.o(i.WWDG_SetWindowValue), (40 bytes).
    Removing delay.o(i.delay_us), (76 bytes).
    Removing sys.o(.emb_text), (6 bytes).
    Removing sys.o(i.INTX_DISABLE), (4 bytes).
    Removing sys.o(i.INTX_ENABLE), (4 bytes).
    Removing sys.o(i.WFI_SET), (4 bytes).
    Removing key.o(i.KEY_Init), (96 bytes).
    Removing key.o(i.KEY_Scan), (168 bytes).
    Removing key.o(.data), (1 bytes).
    Removing oled.o(i.Delay_1ms), (26 bytes).
    Removing oled.o(i.Delay_50ms), (22 bytes).
    Removing oled.o(i.OLED_Display_Off), (28 bytes).
    Removing oled.o(i.OLED_Display_On), (28 bytes).
    Removing oled.o(i.OLED_DrawBMP), (118 bytes).
    Removing oled.o(i.OLED_Float), (448 bytes).
    Removing oled.o(i.OLED_Float2), (360 bytes).
    Removing oled.o(i.OLED_Num2), (156 bytes).
    Removing oled.o(i.OLED_Num3), (200 bytes).
    Removing oled.o(i.OLED_Num4), (134 bytes).
    Removing oled.o(i.OLED_Num5), (152 bytes).
    Removing oled.o(i.OLED_Num_write), (68 bytes).
    Removing oled.o(i.OLED_On), (62 bytes).
    Removing oled.o(i.OLED_ShowNumber), (136 bytes).
    Removing oled.o(i.OLED_fuhao_write), (64 bytes).
    Removing oled.o(i.fill_picture), (64 bytes).
    Removing oled.o(i.oled_pow), (22 bytes).

486 unused section(s) (total 20585 bytes) removed from the image.

==============================================================================

Image Symbol Table

    Local Symbols

    Symbol Name                              Value     Ov Type        Size  Object(Section)

    ../clib/angel/boardlib.s                 0x00000000   Number         0  boardinit3.o ABSOLUTE
    ../clib/angel/boardlib.s                 0x00000000   Number         0  boardinit2.o ABSOLUTE
    ../clib/angel/boardlib.s                 0x00000000   Number         0  boardshut.o ABSOLUTE
    ../clib/angel/boardlib.s                 0x00000000   Number         0  boardinit1.o ABSOLUTE
    ../clib/angel/dczerorl2.s                0x00000000   Number         0  __dczerorl2.o ABSOLUTE
    ../clib/angel/handlers.s                 0x00000000   Number         0  __scatter_zi.o ABSOLUTE
    ../clib/angel/kernel.s                   0x00000000   Number         0  __rtentry2.o ABSOLUTE
    ../clib/angel/kernel.s                   0x00000000   Number         0  __rtentry4.o ABSOLUTE
    ../clib/angel/kernel.s                   0x00000000   Number         0  rtexit2.o ABSOLUTE
    ../clib/angel/kernel.s                   0x00000000   Number         0  rtexit.o ABSOLUTE
    ../clib/angel/kernel.s                   0x00000000   Number         0  __rtentry.o ABSOLUTE
    ../clib/angel/rt.s                       0x00000000   Number         0  rt_locale.o ABSOLUTE
    ../clib/angel/rt.s                       0x00000000   Number         0  rt_locale_intlibspace.o ABSOLUTE
    ../clib/angel/rt.s                       0x00000000   Number         0  rt_raise.o ABSOLUTE
    ../clib/angel/scatter.s                  0x00000000   Number         0  __scatter.o ABSOLUTE
    ../clib/angel/startup.s                  0x00000000   Number         0  __main.o ABSOLUTE
    ../clib/angel/sys.s                      0x00000000   Number         0  indicate_semi.o ABSOLUTE
    ../clib/angel/sys.s                      0x00000000   Number         0  use_no_semi_2.o ABSOLUTE
    ../clib/angel/sys.s                      0x00000000   Number         0  libspace.o ABSOLUTE
    ../clib/angel/sys.s                      0x00000000   Number         0  sys_stackheap_outer.o ABSOLUTE
    ../clib/angel/sys.s                      0x00000000   Number         0  use_no_semi.o ABSOLUTE
    ../clib/angel/sysapp.c                   0x00000000   Number         0  sys_command.o ABSOLUTE
    ../clib/angel/sysapp.c                   0x00000000   Number         0  sys_wrch.o ABSOLUTE
    ../clib/armsys.c                         0x00000000   Number         0  argv_veneer.o ABSOLUTE
    ../clib/armsys.c                         0x00000000   Number         0  argv_veneer.o ABSOLUTE
    ../clib/armsys.c                         0x00000000   Number         0  _get_argv_nomalloc.o ABSOLUTE
    ../clib/armsys.c                         0x00000000   Number         0  no_argv.o ABSOLUTE
    ../clib/bigflt.c                         0x00000000   Number         0  bigflt0.o ABSOLUTE
    ../clib/btod.s                           0x00000000   Number         0  btod.o ABSOLUTE
    ../clib/heapalloc.c                      0x00000000   Number         0  hrguard.o ABSOLUTE
    ../clib/heapaux.c                        0x00000000   Number         0  heapauxi.o ABSOLUTE
    ../clib/libinit.s                        0x00000000   Number         0  libinit.o ABSOLUTE
    ../clib/libinit.s                        0x00000000   Number         0  libinit2.o ABSOLUTE
    ../clib/libinit.s                        0x00000000   Number         0  libshutdown.o ABSOLUTE
    ../clib/libinit.s                        0x00000000   Number         0  libshutdown2.o ABSOLUTE
    ../clib/locale.s                         0x00000000   Number         0  lc_numeric_c.o ABSOLUTE
    ../clib/longlong.s                       0x00000000   Number         0  lludiv10.o ABSOLUTE
    ../clib/memcpset.s                       0x00000000   Number         0  rt_memclr_w.o ABSOLUTE
    ../clib/memcpset.s                       0x00000000   Number         0  strcmpv7m.o ABSOLUTE
    ../clib/misc.s                           0x00000000   Number         0  printf_stubs.o ABSOLUTE
    ../clib/printf.c                         0x00000000   Number         0  _printf_char_common.o ABSOLUTE
    ../clib/printf.c                         0x00000000   Number         0  __printf_nopercent.o ABSOLUTE
    ../clib/printf.c                         0x00000000   Number         0  _printf_fp_infnan.o ABSOLUTE
    ../clib/printf.c                         0x00000000   Number         0  __2printf.o ABSOLUTE
    ../clib/printf.c                         0x00000000   Number         0  noretval__2printf.o ABSOLUTE
    ../clib/printf.c                         0x00000000   Number         0  _printf_char_file.o ABSOLUTE
    ../clib/printf.c                         0x00000000   Number         0  noretval__2sprintf.o ABSOLUTE
    ../clib/printf.c                         0x00000000   Number         0  __printf.o ABSOLUTE
    ../clib/printf.c                         0x00000000   Number         0  __printf_flags.o ABSOLUTE
    ../clib/printf.c                         0x00000000   Number         0  __printf_ss.o ABSOLUTE
    ../clib/printf.c                         0x00000000   Number         0  __printf_flags_ss.o ABSOLUTE
    ../clib/printf.c                         0x00000000   Number         0  _sputc.o ABSOLUTE
    ../clib/printf.c                         0x00000000   Number         0  __printf_wp.o ABSOLUTE
    ../clib/printf.c                         0x00000000   Number         0  _printf_fp_dec.o ABSOLUTE
    ../clib/printf.c                         0x00000000   Number         0  __printf_flags_wp.o ABSOLUTE
    ../clib/printf.c                         0x00000000   Number         0  __printf_ss_wp.o ABSOLUTE
    ../clib/printf.c                         0x00000000   Number         0  __printf_flags_ss_wp.o ABSOLUTE
    ../clib/printf.c                         0x00000000   Number         0  __2sprintf.o ABSOLUTE
    ../clib/printf_percent.s                 0x00000000   Number         0  _printf_percent_end.o ABSOLUTE
    ../clib/printf_percent.s                 0x00000000   Number         0  _printf_f.o ABSOLUTE
    ../clib/printf_percent.s                 0x00000000   Number         0  _printf_percent.o ABSOLUTE
    ../clib/signal.c                         0x00000000   Number         0  defsig_general.o ABSOLUTE
    ../clib/signal.c                         0x00000000   Number         0  defsig_pvfn_inner.o ABSOLUTE
    ../clib/signal.c                         0x00000000   Number         0  defsig_rtmem_outer.o ABSOLUTE
    ../clib/signal.c                         0x00000000   Number         0  defsig_stak_inner.o ABSOLUTE
    ../clib/signal.c                         0x00000000   Number         0  defsig_rtred_inner.o ABSOLUTE
    ../clib/signal.c                         0x00000000   Number         0  defsig_segv_inner.o ABSOLUTE
    ../clib/signal.c                         0x00000000   Number         0  defsig_fpe_inner.o ABSOLUTE
    ../clib/signal.c                         0x00000000   Number         0  defsig_cppl_inner.o ABSOLUTE
    ../clib/signal.c                         0x00000000   Number         0  defsig_other.o ABSOLUTE
    ../clib/signal.c                         0x00000000   Number         0  defsig_abrt_inner.o ABSOLUTE
    ../clib/signal.c                         0x00000000   Number         0  defsig_rtmem_inner.o ABSOLUTE
    ../clib/signal.c                         0x00000000   Number         0  defsig_exit.o ABSOLUTE
    ../clib/signal.c                         0x00000000   Number         0  __raise.o ABSOLUTE
    ../clib/signal.c                         0x00000000   Number         0  defsig_rtmem_formal.o ABSOLUTE
    ../clib/signal.s                         0x00000000   Number         0  defsig.o ABSOLUTE
    ../clib/stdio.c                          0x00000000   Number         0  ferror.o ABSOLUTE
    ../clib/stdio.c                          0x00000000   Number         0  ferror_locked.o ABSOLUTE
    ../clib/stdlib.c                         0x00000000   Number         0  exit.o ABSOLUTE
    ../fplib/d2f.s                           0x00000000   Number         0  d2f.o ABSOLUTE
    ../fplib/daddsub.s                       0x00000000   Number         0  daddsub_clz.o ABSOLUTE
    ../fplib/dcmpi.s                         0x00000000   Number         0  dcmpi.o ABSOLUTE
    ../fplib/dfix.s                          0x00000000   Number         0  dfix.o ABSOLUTE
    ../fplib/dfixu.s                         0x00000000   Number         0  dfixu.o ABSOLUTE
    ../fplib/dflt.s                          0x00000000   Number         0  dflt_clz.o ABSOLUTE
    ../fplib/dleqf.s                         0x00000000   Number         0  dleqf.o ABSOLUTE
    ../fplib/dmul.s                          0x00000000   Number         0  dmul.o ABSOLUTE
    ../fplib/dnaninf.s                       0x00000000   Number         0  dnaninf.o ABSOLUTE
    ../fplib/dretinf.s                       0x00000000   Number         0  dretinf.o ABSOLUTE
    ../fplib/f2d.s                           0x00000000   Number         0  f2d.o ABSOLUTE
    ../fplib/fcmpi.s                         0x00000000   Number         0  fcmpi.o ABSOLUTE
    ../fplib/fleqf.s                         0x00000000   Number         0  fleqf.o ABSOLUTE
    ../fplib/fnaninf.s                       0x00000000   Number         0  fnaninf.o ABSOLUTE
    ../fplib/fpinit.s                        0x00000000   Number         0  fpinit.o ABSOLUTE
    ../fplib/fretinf.s                       0x00000000   Number         0  fretinf.o ABSOLUTE
    ../fplib/frleqf.s                        0x00000000   Number         0  frleqf.o ABSOLUTE
    ../fplib/istatus.s                       0x00000000   Number         0  istatus.o ABSOLUTE
    ../fplib/printf1.s                       0x00000000   Number         0  printf1.o ABSOLUTE
    ../fplib/usenofp.s                       0x00000000   Number         0  usenofp.o ABSOLUTE
    ../mathlib/fpclassify.c                  0x00000000   Number         0  fpclassify.o ABSOLUTE
    ..\CORE\core_cm3.c                       0x00000000   Number         0  core_cm3.o ABSOLUTE
    ..\CORE\startup_stm32f10x_md.s           0x00000000   Number         0  startup_stm32f10x_md.o ABSOLUTE
    ..\FWLib\src\misc.c                      0x00000000   Number         0  misc.o ABSOLUTE
    ..\FWLib\src\stm32f10x_adc.c             0x00000000   Number         0  stm32f10x_adc.o ABSOLUTE
    ..\FWLib\src\stm32f10x_bkp.c             0x00000000   Number         0  stm32f10x_bkp.o ABSOLUTE
    ..\FWLib\src\stm32f10x_can.c             0x00000000   Number         0  stm32f10x_can.o ABSOLUTE
    ..\FWLib\src\stm32f10x_cec.c             0x00000000   Number         0  stm32f10x_cec.o ABSOLUTE
    ..\FWLib\src\stm32f10x_crc.c             0x00000000   Number         0  stm32f10x_crc.o ABSOLUTE
    ..\FWLib\src\stm32f10x_dac.c             0x00000000   Number         0  stm32f10x_dac.o ABSOLUTE
    ..\FWLib\src\stm32f10x_dbgmcu.c          0x00000000   Number         0  stm32f10x_dbgmcu.o ABSOLUTE
    ..\FWLib\src\stm32f10x_dma.c             0x00000000   Number         0  stm32f10x_dma.o ABSOLUTE
    ..\FWLib\src\stm32f10x_exti.c            0x00000000   Number         0  stm32f10x_exti.o ABSOLUTE
    ..\FWLib\src\stm32f10x_flash.c           0x00000000   Number         0  stm32f10x_flash.o ABSOLUTE
    ..\FWLib\src\stm32f10x_fsmc.c            0x00000000   Number         0  stm32f10x_fsmc.o ABSOLUTE
    ..\FWLib\src\stm32f10x_gpio.c            0x00000000   Number         0  stm32f10x_gpio.o ABSOLUTE
    ..\FWLib\src\stm32f10x_i2c.c             0x00000000   Number         0  stm32f10x_i2c.o ABSOLUTE
    ..\FWLib\src\stm32f10x_iwdg.c            0x00000000   Number         0  stm32f10x_iwdg.o ABSOLUTE
    ..\FWLib\src\stm32f10x_pwr.c             0x00000000   Number         0  stm32f10x_pwr.o ABSOLUTE
    ..\FWLib\src\stm32f10x_rcc.c             0x00000000   Number         0  stm32f10x_rcc.o ABSOLUTE
    ..\FWLib\src\stm32f10x_rtc.c             0x00000000   Number         0  stm32f10x_rtc.o ABSOLUTE
    ..\FWLib\src\stm32f10x_sdio.c            0x00000000   Number         0  stm32f10x_sdio.o ABSOLUTE
    ..\FWLib\src\stm32f10x_spi.c             0x00000000   Number         0  stm32f10x_spi.o ABSOLUTE
    ..\FWLib\src\stm32f10x_tim.c             0x00000000   Number         0  stm32f10x_tim.o ABSOLUTE
    ..\FWLib\src\stm32f10x_usart.c           0x00000000   Number         0  stm32f10x_usart.o ABSOLUTE
    ..\FWLib\src\stm32f10x_wwdg.c            0x00000000   Number         0  stm32f10x_wwdg.o ABSOLUTE
    ..\HARDWARE\BUZZER\buzzer.c              0x00000000   Number         0  buzzer.o ABSOLUTE
    ..\HARDWARE\KEY\key.c                    0x00000000   Number         0  key.o ABSOLUTE
    ..\HARDWARE\LED\led.c                    0x00000000   Number         0  led.o ABSOLUTE
    ..\HARDWARE\MLX90614\mlx90614.c          0x00000000   Number         0  mlx90614.o ABSOLUTE
    ..\HARDWARE\OLED\oled.c                  0x00000000   Number         0  oled.o ABSOLUTE
    ..\SYSTEM\delay\delay.c                  0x00000000   Number         0  delay.o ABSOLUTE
    ..\SYSTEM\sys\sys.c                      0x00000000   Number         0  sys.o ABSOLUTE
    ..\SYSTEM\usart\usart.c                  0x00000000   Number         0  usart.o ABSOLUTE
    ..\\CORE\\core_cm3.c                     0x00000000   Number         0  core_cm3.o ABSOLUTE
    ..\\SYSTEM\\sys\\sys.c                   0x00000000   Number         0  sys.o ABSOLUTE
    dc.s                                     0x00000000   Number         0  dc.o ABSOLUTE
    main.c                                   0x00000000   Number         0  main.o ABSOLUTE
    stm32f10x_it.c                           0x00000000   Number         0  stm32f10x_it.o ABSOLUTE
    system_stm32f10x.c                       0x00000000   Number         0  system_stm32f10x.o ABSOLUTE
    RESET                                    0x08000000   Section      236  startup_stm32f10x_md.o(RESET)
    !!!main                                  0x080000ec   Section        8  __main.o(!!!main)
    !!!scatter                               0x080000f4   Section       52  __scatter.o(!!!scatter)
    !!dczerorl2                              0x08000128   Section       90  __dczerorl2.o(!!dczerorl2)
    !!handler_zi                             0x08000184   Section       28  __scatter_zi.o(!!handler_zi)
    .ARM.Collect$$_printf_percent$$00000000  0x080001a0   Section        0  _printf_percent.o(.ARM.Collect$$_printf_percent$$00000000)
    .ARM.Collect$$_printf_percent$$00000003  0x080001a0   Section        6  _printf_f.o(.ARM.Collect$$_printf_percent$$00000003)
    .ARM.Collect$$_printf_percent$$00000017  0x080001a6   Section        4  _printf_percent_end.o(.ARM.Collect$$_printf_percent$$00000017)
    .ARM.Collect$$libinit$$00000000          0x080001aa   Section        2  libinit.o(.ARM.Collect$$libinit$$00000000)
    .ARM.Collect$$libinit$$00000002          0x080001ac   Section        0  libinit2.o(.ARM.Collect$$libinit$$00000002)
    .ARM.Collect$$libinit$$00000004          0x080001ac   Section        0  libinit2.o(.ARM.Collect$$libinit$$00000004)
    .ARM.Collect$$libinit$$0000000A          0x080001ac   Section        0  libinit2.o(.ARM.Collect$$libinit$$0000000A)
    .ARM.Collect$$libinit$$0000000C          0x080001ac   Section        0  libinit2.o(.ARM.Collect$$libinit$$0000000C)
    .ARM.Collect$$libinit$$0000000E          0x080001ac   Section        0  libinit2.o(.ARM.Collect$$libinit$$0000000E)
    .ARM.Collect$$libinit$$0000000F          0x080001ac   Section        6  libinit2.o(.ARM.Collect$$libinit$$0000000F)
    .ARM.Collect$$libinit$$00000011          0x080001b2   Section        0  libinit2.o(.ARM.Collect$$libinit$$00000011)
    .ARM.Collect$$libinit$$00000013          0x080001b2   Section        0  libinit2.o(.ARM.Collect$$libinit$$00000013)
    .ARM.Collect$$libinit$$00000015          0x080001b2   Section        0  libinit2.o(.ARM.Collect$$libinit$$00000015)
    .ARM.Collect$$libinit$$00000016          0x080001b2   Section       10  libinit2.o(.ARM.Collect$$libinit$$00000016)
    .ARM.Collect$$libinit$$00000017          0x080001bc   Section        0  libinit2.o(.ARM.Collect$$libinit$$00000017)
    .ARM.Collect$$libinit$$00000019          0x080001bc   Section        0  libinit2.o(.ARM.Collect$$libinit$$00000019)
    .ARM.Collect$$libinit$$0000001B          0x080001bc   Section        0  libinit2.o(.ARM.Collect$$libinit$$0000001B)
    .ARM.Collect$$libinit$$0000001D          0x080001bc   Section        0  libinit2.o(.ARM.Collect$$libinit$$0000001D)
    .ARM.Collect$$libinit$$0000001F          0x080001bc   Section        0  libinit2.o(.ARM.Collect$$libinit$$0000001F)
    .ARM.Collect$$libinit$$00000021          0x080001bc   Section        0  libinit2.o(.ARM.Collect$$libinit$$00000021)
    .ARM.Collect$$libinit$$00000023          0x080001bc   Section        0  libinit2.o(.ARM.Collect$$libinit$$00000023)
    .ARM.Collect$$libinit$$00000025          0x080001bc   Section        0  libinit2.o(.ARM.Collect$$libinit$$00000025)
    .ARM.Collect$$libinit$$0000002C          0x080001bc   Section        0  libinit2.o(.ARM.Collect$$libinit$$0000002C)
    .ARM.Collect$$libinit$$0000002E          0x080001bc   Section        0  libinit2.o(.ARM.Collect$$libinit$$0000002E)
    .ARM.Collect$$libinit$$00000030          0x080001bc   Section        0  libinit2.o(.ARM.Collect$$libinit$$00000030)
    .ARM.Collect$$libinit$$00000032          0x080001bc   Section        0  libinit2.o(.ARM.Collect$$libinit$$00000032)
    .ARM.Collect$$libinit$$00000033          0x080001bc   Section        2  libinit2.o(.ARM.Collect$$libinit$$00000033)
    .ARM.Collect$$libshutdown$$00000000      0x080001be   Section        2  libshutdown.o(.ARM.Collect$$libshutdown$$00000000)
    .ARM.Collect$$libshutdown$$00000002      0x080001c0   Section        0  libshutdown2.o(.ARM.Collect$$libshutdown$$00000002)
    .ARM.Collect$$libshutdown$$00000004      0x080001c0   Section        0  libshutdown2.o(.ARM.Collect$$libshutdown$$00000004)
    .ARM.Collect$$libshutdown$$00000007      0x080001c0   Section        0  libshutdown2.o(.ARM.Collect$$libshutdown$$00000007)
    .ARM.Collect$$libshutdown$$0000000A      0x080001c0   Section        0  libshutdown2.o(.ARM.Collect$$libshutdown$$0000000A)
    .ARM.Collect$$libshutdown$$0000000C      0x080001c0   Section        0  libshutdown2.o(.ARM.Collect$$libshutdown$$0000000C)
    .ARM.Collect$$libshutdown$$0000000F      0x080001c0   Section        0  libshutdown2.o(.ARM.Collect$$libshutdown$$0000000F)
    .ARM.Collect$$libshutdown$$00000010      0x080001c0   Section        2  libshutdown2.o(.ARM.Collect$$libshutdown$$00000010)
    .ARM.Collect$$rtentry$$00000000          0x080001c2   Section        0  __rtentry.o(.ARM.Collect$$rtentry$$00000000)
    .ARM.Collect$$rtentry$$00000002          0x080001c2   Section        0  __rtentry2.o(.ARM.Collect$$rtentry$$00000002)
    .ARM.Collect$$rtentry$$00000004          0x080001c2   Section        6  __rtentry4.o(.ARM.Collect$$rtentry$$00000004)
    .ARM.Collect$$rtentry$$00000009          0x080001c8   Section        0  __rtentry2.o(.ARM.Collect$$rtentry$$00000009)
    .ARM.Collect$$rtentry$$0000000A          0x080001c8   Section        4  __rtentry2.o(.ARM.Collect$$rtentry$$0000000A)
    .ARM.Collect$$rtentry$$0000000C          0x080001cc   Section        0  __rtentry2.o(.ARM.Collect$$rtentry$$0000000C)
    .ARM.Collect$$rtentry$$0000000D          0x080001cc   Section        8  __rtentry2.o(.ARM.Collect$$rtentry$$0000000D)
    .ARM.Collect$$rtexit$$00000000           0x080001d4   Section        2  rtexit.o(.ARM.Collect$$rtexit$$00000000)
    .ARM.Collect$$rtexit$$00000002           0x080001d6   Section        0  rtexit2.o(.ARM.Collect$$rtexit$$00000002)
    .ARM.Collect$$rtexit$$00000003           0x080001d6   Section        4  rtexit2.o(.ARM.Collect$$rtexit$$00000003)
    .ARM.Collect$$rtexit$$00000004           0x080001da   Section        6  rtexit2.o(.ARM.Collect$$rtexit$$00000004)
    .text                                    0x080001e0   Section       64  startup_stm32f10x_md.o(.text)
    .text                                    0x08000220   Section        2  use_no_semi_2.o(.text)
    .text                                    0x08000224   Section        0  noretval__2printf.o(.text)
    .text                                    0x0800023c   Section        0  noretval__2sprintf.o(.text)
    .text                                    0x08000264   Section        0  __printf_wp.o(.text)
    .text                                    0x08000372   Section       78  rt_memclr_w.o(.text)
    .text                                    0x080003c0   Section        0  heapauxi.o(.text)
    .text                                    0x080003c6   Section        2  use_no_semi.o(.text)
    .text                                    0x080003c8   Section        0  _printf_fp_dec.o(.text)
    _fp_digits                               0x080003cb   Thumb Code   428  _printf_fp_dec.o(.text)
    .text                                    0x080007e4   Section        0  _printf_char_common.o(.text)
    _printf_input_char                       0x080007e5   Thumb Code    10  _printf_char_common.o(.text)
    .text                                    0x08000814   Section        0  _sputc.o(.text)
    .text                                    0x08000820   Section        0  _printf_char_file.o(.text)
    .text                                    0x08000844   Section        8  rt_locale_intlibspace.o(.text)
    .text                                    0x0800084c   Section      138  lludiv10.o(.text)
    .text                                    0x080008d8   Section        0  _printf_fp_infnan.o(.text)
    .text                                    0x08000958   Section        0  bigflt0.o(.text)
    .text                                    0x08000a34   Section        0  ferror.o(.text)
    .text                                    0x08000a3c   Section        8  libspace.o(.text)
    .text                                    0x08000a44   Section       74  sys_stackheap_outer.o(.text)
    .text                                    0x08000a8e   Section        0  exit.o(.text)
    .text                                    0x08000aa0   Section      128  strcmpv7m.o(.text)
    CL$$btod_d2e                             0x08000b20   Section       62  btod.o(CL$$btod_d2e)
    CL$$btod_d2e_denorm_low                  0x08000b5e   Section       70  btod.o(CL$$btod_d2e_denorm_low)
    CL$$btod_d2e_norm_op1                    0x08000ba4   Section       96  btod.o(CL$$btod_d2e_norm_op1)
    CL$$btod_div_common                      0x08000c04   Section      824  btod.o(CL$$btod_div_common)
    CL$$btod_e2e                             0x08000f3c   Section      198  btod.o(CL$$btod_e2e)
    CL$$btod_ediv                            0x08001002   Section       40  btod.o(CL$$btod_ediv)
    CL$$btod_emul                            0x0800102a   Section       40  btod.o(CL$$btod_emul)
    CL$$btod_mult_common                     0x08001052   Section      580  btod.o(CL$$btod_mult_common)
    i.BusFault_Handler                       0x08001296   Section        0  stm32f10x_it.o(i.BusFault_Handler)
    i.Buzzer0                                0x0800129c   Section        0  buzzer.o(i.Buzzer0)
    i.Buzzer1                                0x080012ac   Section        0  buzzer.o(i.Buzzer1)
    i.Buzzer_GPIO_Init                       0x080012bc   Section        0  buzzer.o(i.Buzzer_GPIO_Init)
    i.DebugMon_Handler                       0x080012f0   Section        0  stm32f10x_it.o(i.DebugMon_Handler)
    i.Delay                                  0x080012f2   Section        0  oled.o(i.Delay)
    i.GPIO_Init                              0x080012fe   Section        0  stm32f10x_gpio.o(i.GPIO_Init)
    i.GPIO_PinRemapConfig                    0x08001414   Section        0  stm32f10x_gpio.o(i.GPIO_PinRemapConfig)
    i.GPIO_ResetBits                         0x080014a4   Section        0  stm32f10x_gpio.o(i.GPIO_ResetBits)
    i.GPIO_SetBits                           0x080014a8   Section        0  stm32f10x_gpio.o(i.GPIO_SetBits)
    i.HardFault_Handler                      0x080014ac   Section        0  stm32f10x_it.o(i.HardFault_Handler)
    i.LED_Init                               0x080014b0   Section        0  led.o(i.LED_Init)
    i.MemManage_Handler                      0x08001500   Section        0  stm32f10x_it.o(i.MemManage_Handler)
    i.NMI_Handler                            0x08001504   Section        0  stm32f10x_it.o(i.NMI_Handler)
    i.NVIC_Init                              0x08001508   Section        0  misc.o(i.NVIC_Init)
    i.OLED_Clear                             0x08001578   Section        0  oled.o(i.OLED_Clear)
    i.OLED_IIC_Start                         0x080015b8   Section        0  oled.o(i.OLED_IIC_Start)
    i.OLED_IIC_Stop                          0x080015e0   Section        0  oled.o(i.OLED_IIC_Stop)
    i.OLED_IIC_Wait_Ack                      0x08001600   Section        0  oled.o(i.OLED_IIC_Wait_Ack)
    i.OLED_Init                              0x08001618   Section        0  oled.o(i.OLED_Init)
    i.OLED_Set_Pos                           0x08001738   Section        0  oled.o(i.OLED_Set_Pos)
    i.OLED_ShowCHinese16x16                  0x08001760   Section        0  oled.o(i.OLED_ShowCHinese16x16)
    i.OLED_ShowChar                          0x080017b8   Section        0  oled.o(i.OLED_ShowChar)
    i.OLED_ShowString                        0x0800185c   Section        0  oled.o(i.OLED_ShowString)
    i.OLED_WR_Byte                           0x08001892   Section        0  oled.o(i.OLED_WR_Byte)
    i.OLED_Write_IIC_Byte                    0x080018ac   Section        0  oled.o(i.OLED_Write_IIC_Byte)
    i.OLED_Write_IIC_Command                 0x08001900   Section        0  oled.o(i.OLED_Write_IIC_Command)
    i.OLED_Write_IIC_Data                    0x0800192c   Section        0  oled.o(i.OLED_Write_IIC_Data)
    i.PEC_Calculation                        0x08001958   Section        0  mlx90614.o(i.PEC_Calculation)
    i.PendSV_Handler                         0x08001a12   Section        0  stm32f10x_it.o(i.PendSV_Handler)
    i.RCC_APB2PeriphClockCmd                 0x08001a14   Section        0  stm32f10x_rcc.o(i.RCC_APB2PeriphClockCmd)
    i.RCC_GetClocksFreq                      0x08001a34   Section        0  stm32f10x_rcc.o(i.RCC_GetClocksFreq)
    i.SMBus_Delay                            0x08001b08   Section        0  mlx90614.o(i.SMBus_Delay)
    i.SMBus_Init                             0x08001b24   Section        0  mlx90614.o(i.SMBus_Init)
    i.SMBus_ReadMemory                       0x08001b60   Section        0  mlx90614.o(i.SMBus_ReadMemory)
    i.SMBus_ReadTemp                         0x08001c08   Section        0  mlx90614.o(i.SMBus_ReadTemp)
    i.SMBus_ReceiveBit                       0x08001c4c   Section        0  mlx90614.o(i.SMBus_ReceiveBit)
    i.SMBus_ReceiveByte                      0x08001c94   Section        0  mlx90614.o(i.SMBus_ReceiveByte)
    i.SMBus_SendBit                          0x08001cc8   Section        0  mlx90614.o(i.SMBus_SendBit)
    i.SMBus_SendByte                         0x08001d0c   Section        0  mlx90614.o(i.SMBus_SendByte)
    i.SMBus_StartBit                         0x08001d3c   Section        0  mlx90614.o(i.SMBus_StartBit)
    i.SMBus_StopBit                          0x08001d80   Section        0  mlx90614.o(i.SMBus_StopBit)
    i.SVC_Handler                            0x08001dc0   Section        0  stm32f10x_it.o(i.SVC_Handler)
    i.SetSysClock                            0x08001dc2   Section        0  system_stm32f10x.o(i.SetSysClock)
    SetSysClock                              0x08001dc3   Thumb Code     8  system_stm32f10x.o(i.SetSysClock)
    i.SetSysClockTo72                        0x08001dcc   Section        0  system_stm32f10x.o(i.SetSysClockTo72)
    SetSysClockTo72                          0x08001dcd   Thumb Code   214  system_stm32f10x.o(i.SetSysClockTo72)
    i.SysTick_CLKSourceConfig                0x08001eac   Section        0  misc.o(i.SysTick_CLKSourceConfig)
    i.SysTick_Handler                        0x08001ed4   Section        0  stm32f10x_it.o(i.SysTick_Handler)
    i.SystemInit                             0x08001ed8   Section        0  system_stm32f10x.o(i.SystemInit)
    i.USART1_IRQHandler                      0x08001f38   Section        0  usart.o(i.USART1_IRQHandler)
    i.USART_Cmd                              0x08001fc0   Section        0  stm32f10x_usart.o(i.USART_Cmd)
    i.USART_GetITStatus                      0x08001fd8   Section        0  stm32f10x_usart.o(i.USART_GetITStatus)
    i.USART_ITConfig                         0x0800202c   Section        0  stm32f10x_usart.o(i.USART_ITConfig)
    i.USART_Init                             0x08002078   Section        0  stm32f10x_usart.o(i.USART_Init)
    i.USART_ReceiveData                      0x08002150   Section        0  stm32f10x_usart.o(i.USART_ReceiveData)
    i.UsageFault_Handler                     0x0800215a   Section        0  stm32f10x_it.o(i.UsageFault_Handler)
    i.__ARM_fpclassify                       0x0800215e   Section        0  fpclassify.o(i.__ARM_fpclassify)
    i._is_digit                              0x08002186   Section        0  __printf_wp.o(i._is_digit)
    i._sys_exit                              0x08002194   Section        0  usart.o(i._sys_exit)
    i.delay_init                             0x08002198   Section        0  delay.o(i.delay_init)
    i.delay_ms                               0x080021dc   Section        0  delay.o(i.delay_ms)
    i.display                                0x08002228   Section        0  oled.o(i.display)
    i.fputc                                  0x080022cc   Section        0  usart.o(i.fputc)
    i.main                                   0x080022e8   Section        0  main.o(i.main)
    i.uart_init                              0x08002400   Section        0  usart.o(i.uart_init)
    locale$$code                             0x080024a0   Section       44  lc_numeric_c.o(locale$$code)
    x$fpl$d2f                                0x080024cc   Section       98  d2f.o(x$fpl$d2f)
    x$fpl$dadd                               0x08002530   Section      336  daddsub_clz.o(x$fpl$dadd)
    _dadd1                                   0x08002541   Thumb Code     0  daddsub_clz.o(x$fpl$dadd)
    x$fpl$dfltu                              0x08002680   Section       38  dflt_clz.o(x$fpl$dfltu)
    x$fpl$dmul                               0x080026a8   Section      340  dmul.o(x$fpl$dmul)
    x$fpl$dnaninf                            0x080027fc   Section      156  dnaninf.o(x$fpl$dnaninf)
    x$fpl$dretinf                            0x08002898   Section       12  dretinf.o(x$fpl$dretinf)
    x$fpl$dsub                               0x080028a4   Section      468  daddsub_clz.o(x$fpl$dsub)
    _dsub1                                   0x080028b5   Thumb Code     0  daddsub_clz.o(x$fpl$dsub)
    x$fpl$f2d                                0x08002a78   Section       86  f2d.o(x$fpl$f2d)
    x$fpl$fcmpinf                            0x08002ace   Section       24  fcmpi.o(x$fpl$fcmpinf)
    x$fpl$fleqf                              0x08002ae8   Section      104  fleqf.o(x$fpl$fleqf)
    x$fpl$fnaninf                            0x08002b50   Section      140  fnaninf.o(x$fpl$fnaninf)
    x$fpl$fretinf                            0x08002bdc   Section       10  fretinf.o(x$fpl$fretinf)
    x$fpl$frleqf                             0x08002be6   Section       98  frleqf.o(x$fpl$frleqf)
    x$fpl$printf1                            0x08002c48   Section        4  printf1.o(x$fpl$printf1)
    .constdata                               0x08002c4c   Section     2072  oled.o(.constdata)
    x$fpl$usenofp                            0x08002c4c   Section        0  usenofp.o(x$fpl$usenofp)
    .constdata                               0x08003464   Section      148  bigflt0.o(.constdata)
    tenpwrs_x                                0x08003464   Data          60  bigflt0.o(.constdata)
    tenpwrs_i                                0x080034a0   Data          64  bigflt0.o(.constdata)
    locale$$data                             0x08003518   Section       28  lc_numeric_c.o(locale$$data)
    __lcnum_c_name                           0x0800351c   Data           2  lc_numeric_c.o(locale$$data)
    __lcnum_c_start                          0x08003524   Data           0  lc_numeric_c.o(locale$$data)
    __lcnum_c_point                          0x08003530   Data           0  lc_numeric_c.o(locale$$data)
    __lcnum_c_thousands                      0x08003532   Data           0  lc_numeric_c.o(locale$$data)
    __lcnum_c_grouping                       0x08003533   Data           0  lc_numeric_c.o(locale$$data)
    __lcnum_c_end                            0x08003534   Data           0  lc_numeric_c.o(locale$$data)
    .data                                    0x20000000   Section       37  main.o(.data)
    .data                                    0x20000028   Section       20  system_stm32f10x.o(.data)
    .data                                    0x2000003c   Section       20  stm32f10x_rcc.o(.data)
    APBAHBPrescTable                         0x2000003c   Data          16  stm32f10x_rcc.o(.data)
    ADCPrescTable                            0x2000004c   Data           4  stm32f10x_rcc.o(.data)
    .data                                    0x20000050   Section        4  delay.o(.data)
    fac_us                                   0x20000050   Data           1  delay.o(.data)
    fac_ms                                   0x20000052   Data           2  delay.o(.data)
    .data                                    0x20000054   Section        6  usart.o(.data)
    .data                                    0x2000005a   Section     1376  oled.o(.data)
    .bss                                     0x200005bc   Section      200  usart.o(.bss)
    .bss                                     0x20000684   Section       96  libspace.o(.bss)
    HEAP                                     0x200006e8   Section      512  startup_stm32f10x_md.o(HEAP)
    Heap_Mem                                 0x200006e8   Data         512  startup_stm32f10x_md.o(HEAP)
    STACK                                    0x200008e8   Section     1024  startup_stm32f10x_md.o(STACK)
    Stack_Mem                                0x200008e8   Data        1024  startup_stm32f10x_md.o(STACK)
    __initial_sp                             0x20000ce8   Data           0  startup_stm32f10x_md.o(STACK)

    Global Symbols

    Symbol Name                              Value     Ov Type        Size  Object(Section)

    BuildAttributes$$THM_ISAv4$P$D$K$B$S$PE$A:L22UL41UL21$X:L11$S22US41US21$IEEE1$IW$USESV6$~STKCKD$USESV7$~SHL$OTIME$ROPI$IEEEJ$EBA8$UX$STANDARDLIB$REQ8$PRES8$EABIv2 0x00000000   Number         0  anon$$obj.o ABSOLUTE
    __ARM_use_no_argv                        0x00000000   Number         0  main.o ABSOLUTE
    _printf_flags                            0x00000000   Number         0  printf_stubs.o ABSOLUTE
    _printf_return_value                     0x00000000   Number         0  printf_stubs.o ABSOLUTE
    _printf_sizespec                         0x00000000   Number         0  printf_stubs.o ABSOLUTE
    _printf_widthprec                        0x00000000   Number         0  printf_stubs.o ABSOLUTE
    __ARM_exceptions_init                     - Undefined Weak Reference
    __alloca_initialize                       - Undefined Weak Reference
    __arm_preinit_                            - Undefined Weak Reference
    __cpp_initialize__aeabi_                  - Undefined Weak Reference
    __cxa_finalize                            - Undefined Weak Reference
    __sigvec_lookup                           - Undefined Weak Reference
    _atexit_init                              - Undefined Weak Reference
    _call_atexit_fns                          - Undefined Weak Reference
    _clock_init                               - Undefined Weak Reference
    _fp_trap_init                             - Undefined Weak Reference
    _fp_trap_shutdown                         - Undefined Weak Reference
    _get_lc_collate                           - Undefined Weak Reference
    _get_lc_ctype                             - Undefined Weak Reference
    _get_lc_monetary                          - Undefined Weak Reference
    _get_lc_time                              - Undefined Weak Reference
    _getenv_init                              - Undefined Weak Reference
    _handle_redirection                       - Undefined Weak Reference
    _init_alloc                               - Undefined Weak Reference
    _init_user_alloc                          - Undefined Weak Reference
    _initio                                   - Undefined Weak Reference
    _mutex_acquire                            - Undefined Weak Reference
    _mutex_release                            - Undefined Weak Reference
    _printf_post_padding                      - Undefined Weak Reference
    _printf_pre_padding                       - Undefined Weak Reference
    _rand_init                                - Undefined Weak Reference
    _signal_finish                            - Undefined Weak Reference
    _signal_init                              - Undefined Weak Reference
    _terminate_alloc                          - Undefined Weak Reference
    _terminate_user_alloc                     - Undefined Weak Reference
    _terminateio                              - Undefined Weak Reference
    __Vectors_Size                           0x000000ec   Number         0  startup_stm32f10x_md.o ABSOLUTE
    __Vectors                                0x08000000   Data           4  startup_stm32f10x_md.o(RESET)
    __Vectors_End                            0x080000ec   Data           0  startup_stm32f10x_md.o(RESET)
    __main                                   0x080000ed   Thumb Code     8  __main.o(!!!main)
    __scatterload                            0x080000f5   Thumb Code     0  __scatter.o(!!!scatter)
    __scatterload_rt2                        0x080000f5   Thumb Code    44  __scatter.o(!!!scatter)
    __scatterload_rt2_thumb_only             0x080000f5   Thumb Code     0  __scatter.o(!!!scatter)
    __scatterload_null                       0x08000103   Thumb Code     0  __scatter.o(!!!scatter)
    __decompress                             0x08000129   Thumb Code    90  __dczerorl2.o(!!dczerorl2)
    __decompress1                            0x08000129   Thumb Code     0  __dczerorl2.o(!!dczerorl2)
    __scatterload_zeroinit                   0x08000185   Thumb Code    28  __scatter_zi.o(!!handler_zi)
    _printf_f                                0x080001a1   Thumb Code     0  _printf_f.o(.ARM.Collect$$_printf_percent$$00000003)
    _printf_percent                          0x080001a1   Thumb Code     0  _printf_percent.o(.ARM.Collect$$_printf_percent$$00000000)
    _printf_percent_end                      0x080001a7   Thumb Code     0  _printf_percent_end.o(.ARM.Collect$$_printf_percent$$00000017)
    __rt_lib_init                            0x080001ab   Thumb Code     0  libinit.o(.ARM.Collect$$libinit$$00000000)
    __rt_lib_init_fp_1                       0x080001ad   Thumb Code     0  libinit2.o(.ARM.Collect$$libinit$$00000002)
    __rt_lib_init_heap_1                     0x080001ad   Thumb Code     0  libinit2.o(.ARM.Collect$$libinit$$0000000A)
    __rt_lib_init_lc_common                  0x080001ad   Thumb Code     0  libinit2.o(.ARM.Collect$$libinit$$0000000F)
    __rt_lib_init_preinit_1                  0x080001ad   Thumb Code     0  libinit2.o(.ARM.Collect$$libinit$$00000004)
    __rt_lib_init_rand_1                     0x080001ad   Thumb Code     0  libinit2.o(.ARM.Collect$$libinit$$0000000E)
    __rt_lib_init_user_alloc_1               0x080001ad   Thumb Code     0  libinit2.o(.ARM.Collect$$libinit$$0000000C)
    __rt_lib_init_lc_collate_1               0x080001b3   Thumb Code     0  libinit2.o(.ARM.Collect$$libinit$$00000011)
    __rt_lib_init_lc_ctype_1                 0x080001b3   Thumb Code     0  libinit2.o(.ARM.Collect$$libinit$$00000013)
    __rt_lib_init_lc_monetary_1              0x080001b3   Thumb Code     0  libinit2.o(.ARM.Collect$$libinit$$00000015)
    __rt_lib_init_lc_numeric_2               0x080001b3   Thumb Code     0  libinit2.o(.ARM.Collect$$libinit$$00000016)
    __rt_lib_init_alloca_1                   0x080001bd   Thumb Code     0  libinit2.o(.ARM.Collect$$libinit$$0000002E)
    __rt_lib_init_argv_1                     0x080001bd   Thumb Code     0  libinit2.o(.ARM.Collect$$libinit$$0000002C)
    __rt_lib_init_atexit_1                   0x080001bd   Thumb Code     0  libinit2.o(.ARM.Collect$$libinit$$0000001B)
    __rt_lib_init_clock_1                    0x080001bd   Thumb Code     0  libinit2.o(.ARM.Collect$$libinit$$00000021)
    __rt_lib_init_cpp_1                      0x080001bd   Thumb Code     0  libinit2.o(.ARM.Collect$$libinit$$00000032)
    __rt_lib_init_exceptions_1               0x080001bd   Thumb Code     0  libinit2.o(.ARM.Collect$$libinit$$00000030)
    __rt_lib_init_fp_trap_1                  0x080001bd   Thumb Code     0  libinit2.o(.ARM.Collect$$libinit$$0000001F)
    __rt_lib_init_getenv_1                   0x080001bd   Thumb Code     0  libinit2.o(.ARM.Collect$$libinit$$00000023)
    __rt_lib_init_lc_numeric_1               0x080001bd   Thumb Code     0  libinit2.o(.ARM.Collect$$libinit$$00000017)
    __rt_lib_init_lc_time_1                  0x080001bd   Thumb Code     0  libinit2.o(.ARM.Collect$$libinit$$00000019)
    __rt_lib_init_return                     0x080001bd   Thumb Code     0  libinit2.o(.ARM.Collect$$libinit$$00000033)
    __rt_lib_init_signal_1                   0x080001bd   Thumb Code     0  libinit2.o(.ARM.Collect$$libinit$$0000001D)
    __rt_lib_init_stdio_1                    0x080001bd   Thumb Code     0  libinit2.o(.ARM.Collect$$libinit$$00000025)
    __rt_lib_shutdown                        0x080001bf   Thumb Code     0  libshutdown.o(.ARM.Collect$$libshutdown$$00000000)
    __rt_lib_shutdown_cpp_1                  0x080001c1   Thumb Code     0  libshutdown2.o(.ARM.Collect$$libshutdown$$00000002)
    __rt_lib_shutdown_fp_trap_1              0x080001c1   Thumb Code     0  libshutdown2.o(.ARM.Collect$$libshutdown$$00000007)
    __rt_lib_shutdown_heap_1                 0x080001c1   Thumb Code     0  libshutdown2.o(.ARM.Collect$$libshutdown$$0000000F)
    __rt_lib_shutdown_return                 0x080001c1   Thumb Code     0  libshutdown2.o(.ARM.Collect$$libshutdown$$00000010)
    __rt_lib_shutdown_signal_1               0x080001c1   Thumb Code     0  libshutdown2.o(.ARM.Collect$$libshutdown$$0000000A)
    __rt_lib_shutdown_stdio_1                0x080001c1   Thumb Code     0  libshutdown2.o(.ARM.Collect$$libshutdown$$00000004)
    __rt_lib_shutdown_user_alloc_1           0x080001c1   Thumb Code     0  libshutdown2.o(.ARM.Collect$$libshutdown$$0000000C)
    __rt_entry                               0x080001c3   Thumb Code     0  __rtentry.o(.ARM.Collect$$rtentry$$00000000)
    __rt_entry_presh_1                       0x080001c3   Thumb Code     0  __rtentry2.o(.ARM.Collect$$rtentry$$00000002)
    __rt_entry_sh                            0x080001c3   Thumb Code     0  __rtentry4.o(.ARM.Collect$$rtentry$$00000004)
    __rt_entry_li                            0x080001c9   Thumb Code     0  __rtentry2.o(.ARM.Collect$$rtentry$$0000000A)
    __rt_entry_postsh_1                      0x080001c9   Thumb Code     0  __rtentry2.o(.ARM.Collect$$rtentry$$00000009)
    __rt_entry_main                          0x080001cd   Thumb Code     0  __rtentry2.o(.ARM.Collect$$rtentry$$0000000D)
    __rt_entry_postli_1                      0x080001cd   Thumb Code     0  __rtentry2.o(.ARM.Collect$$rtentry$$0000000C)
    __rt_exit                                0x080001d5   Thumb Code     0  rtexit.o(.ARM.Collect$$rtexit$$00000000)
    __rt_exit_ls                             0x080001d7   Thumb Code     0  rtexit2.o(.ARM.Collect$$rtexit$$00000003)
    __rt_exit_prels_1                        0x080001d7   Thumb Code     0  rtexit2.o(.ARM.Collect$$rtexit$$00000002)
    __rt_exit_exit                           0x080001db   Thumb Code     0  rtexit2.o(.ARM.Collect$$rtexit$$00000004)
    Reset_Handler                            0x080001e1   Thumb Code     8  startup_stm32f10x_md.o(.text)
    ADC1_2_IRQHandler                        0x080001fb   Thumb Code     0  startup_stm32f10x_md.o(.text)
    CAN1_RX1_IRQHandler                      0x080001fb   Thumb Code     0  startup_stm32f10x_md.o(.text)
    CAN1_SCE_IRQHandler                      0x080001fb   Thumb Code     0  startup_stm32f10x_md.o(.text)
    DMA1_Channel1_IRQHandler                 0x080001fb   Thumb Code     0  startup_stm32f10x_md.o(.text)
    DMA1_Channel2_IRQHandler                 0x080001fb   Thumb Code     0  startup_stm32f10x_md.o(.text)
    DMA1_Channel3_IRQHandler                 0x080001fb   Thumb Code     0  startup_stm32f10x_md.o(.text)
    DMA1_Channel4_IRQHandler                 0x080001fb   Thumb Code     0  startup_stm32f10x_md.o(.text)
    DMA1_Channel5_IRQHandler                 0x080001fb   Thumb Code     0  startup_stm32f10x_md.o(.text)
    DMA1_Channel6_IRQHandler                 0x080001fb   Thumb Code     0  startup_stm32f10x_md.o(.text)
    DMA1_Channel7_IRQHandler                 0x080001fb   Thumb Code     0  startup_stm32f10x_md.o(.text)
    EXTI0_IRQHandler                         0x080001fb   Thumb Code     0  startup_stm32f10x_md.o(.text)
    EXTI15_10_IRQHandler                     0x080001fb   Thumb Code     0  startup_stm32f10x_md.o(.text)
    EXTI1_IRQHandler                         0x080001fb   Thumb Code     0  startup_stm32f10x_md.o(.text)
    EXTI2_IRQHandler                         0x080001fb   Thumb Code     0  startup_stm32f10x_md.o(.text)
    EXTI3_IRQHandler                         0x080001fb   Thumb Code     0  startup_stm32f10x_md.o(.text)
    EXTI4_IRQHandler                         0x080001fb   Thumb Code     0  startup_stm32f10x_md.o(.text)
    EXTI9_5_IRQHandler                       0x080001fb   Thumb Code     0  startup_stm32f10x_md.o(.text)
    FLASH_IRQHandler                         0x080001fb   Thumb Code     0  startup_stm32f10x_md.o(.text)
    I2C1_ER_IRQHandler                       0x080001fb   Thumb Code     0  startup_stm32f10x_md.o(.text)
    I2C1_EV_IRQHandler                       0x080001fb   Thumb Code     0  startup_stm32f10x_md.o(.text)
    I2C2_ER_IRQHandler                       0x080001fb   Thumb Code     0  startup_stm32f10x_md.o(.text)
    I2C2_EV_IRQHandler                       0x080001fb   Thumb Code     0  startup_stm32f10x_md.o(.text)
    PVD_IRQHandler                           0x080001fb   Thumb Code     0  startup_stm32f10x_md.o(.text)
    RCC_IRQHandler                           0x080001fb   Thumb Code     0  startup_stm32f10x_md.o(.text)
    RTCAlarm_IRQHandler                      0x080001fb   Thumb Code     0  startup_stm32f10x_md.o(.text)
    RTC_IRQHandler                           0x080001fb   Thumb Code     0  startup_stm32f10x_md.o(.text)
    SPI1_IRQHandler                          0x080001fb   Thumb Code     0  startup_stm32f10x_md.o(.text)
    SPI2_IRQHandler                          0x080001fb   Thumb Code     0  startup_stm32f10x_md.o(.text)
    TAMPER_IRQHandler                        0x080001fb   Thumb Code     0  startup_stm32f10x_md.o(.text)
    TIM1_BRK_IRQHandler                      0x080001fb   Thumb Code     0  startup_stm32f10x_md.o(.text)
    TIM1_CC_IRQHandler                       0x080001fb   Thumb Code     0  startup_stm32f10x_md.o(.text)
    TIM1_TRG_COM_IRQHandler                  0x080001fb   Thumb Code     0  startup_stm32f10x_md.o(.text)
    TIM1_UP_IRQHandler                       0x080001fb   Thumb Code     0  startup_stm32f10x_md.o(.text)
    TIM2_IRQHandler                          0x080001fb   Thumb Code     0  startup_stm32f10x_md.o(.text)
    TIM3_IRQHandler                          0x080001fb   Thumb Code     0  startup_stm32f10x_md.o(.text)
    TIM4_IRQHandler                          0x080001fb   Thumb Code     0  startup_stm32f10x_md.o(.text)
    USART2_IRQHandler                        0x080001fb   Thumb Code     0  startup_stm32f10x_md.o(.text)
    USART3_IRQHandler                        0x080001fb   Thumb Code     0  startup_stm32f10x_md.o(.text)
    USBWakeUp_IRQHandler                     0x080001fb   Thumb Code     0  startup_stm32f10x_md.o(.text)
    USB_HP_CAN1_TX_IRQHandler                0x080001fb   Thumb Code     0  startup_stm32f10x_md.o(.text)
    USB_LP_CAN1_RX0_IRQHandler               0x080001fb   Thumb Code     0  startup_stm32f10x_md.o(.text)
    WWDG_IRQHandler                          0x080001fb   Thumb Code     0  startup_stm32f10x_md.o(.text)
    __user_initial_stackheap                 0x080001fd   Thumb Code     0  startup_stm32f10x_md.o(.text)
    __use_no_semihosting                     0x08000221   Thumb Code     2  use_no_semi_2.o(.text)
    __2printf                                0x08000225   Thumb Code    20  noretval__2printf.o(.text)
    __2sprintf                               0x0800023d   Thumb Code    34  noretval__2sprintf.o(.text)
    __printf                                 0x08000265   Thumb Code   270  __printf_wp.o(.text)
    __aeabi_memclr4                          0x08000373   Thumb Code     0  rt_memclr_w.o(.text)
    __aeabi_memclr8                          0x08000373   Thumb Code     0  rt_memclr_w.o(.text)
    __rt_memclr_w                            0x08000373   Thumb Code    78  rt_memclr_w.o(.text)
    _memset_w                                0x08000377   Thumb Code     0  rt_memclr_w.o(.text)
    __use_two_region_memory                  0x080003c1   Thumb Code     2  heapauxi.o(.text)
    __rt_heap_escrow$2region                 0x080003c3   Thumb Code     2  heapauxi.o(.text)
    __rt_heap_expand$2region                 0x080003c5   Thumb Code     2  heapauxi.o(.text)
    __I$use$semihosting                      0x080003c7   Thumb Code     0  use_no_semi.o(.text)
    __use_no_semihosting_swi                 0x080003c7   Thumb Code     2  use_no_semi.o(.text)
    __lib_sel_fp_printf                      0x080003c9   Thumb Code     2  _printf_fp_dec.o(.text)
    _printf_fp_dec_real                      0x08000577   Thumb Code   620  _printf_fp_dec.o(.text)
    _printf_char_common                      0x080007ef   Thumb Code    32  _printf_char_common.o(.text)
    _sputc                                   0x08000815   Thumb Code    10  _sputc.o(.text)
    _printf_char_file                        0x08000821   Thumb Code    32  _printf_char_file.o(.text)
    __rt_locale                              0x08000845   Thumb Code     8  rt_locale_intlibspace.o(.text)
    _ll_udiv10                               0x0800084d   Thumb Code   138  lludiv10.o(.text)
    _printf_fp_infnan                        0x080008d9   Thumb Code   112  _printf_fp_infnan.o(.text)
    _btod_etento                             0x08000959   Thumb Code   216  bigflt0.o(.text)
    ferror                                   0x08000a35   Thumb Code     8  ferror.o(.text)
    __user_libspace                          0x08000a3d   Thumb Code     8  libspace.o(.text)
    __user_perproc_libspace                  0x08000a3d   Thumb Code     0  libspace.o(.text)
    __user_perthread_libspace                0x08000a3d   Thumb Code     0  libspace.o(.text)
    __user_setup_stackheap                   0x08000a45   Thumb Code    74  sys_stackheap_outer.o(.text)
    exit                                     0x08000a8f   Thumb Code    18  exit.o(.text)
    strcmp                                   0x08000aa1   Thumb Code   128  strcmpv7m.o(.text)
    _btod_d2e                                0x08000b21   Thumb Code    62  btod.o(CL$$btod_d2e)
    _d2e_denorm_low                          0x08000b5f   Thumb Code    70  btod.o(CL$$btod_d2e_denorm_low)
    _d2e_norm_op1                            0x08000ba5   Thumb Code    96  btod.o(CL$$btod_d2e_norm_op1)
    __btod_div_common                        0x08000c05   Thumb Code   696  btod.o(CL$$btod_div_common)
    _e2e                                     0x08000f3d   Thumb Code   198  btod.o(CL$$btod_e2e)
    _btod_ediv                               0x08001003   Thumb Code    40  btod.o(CL$$btod_ediv)
    _btod_emul                               0x0800102b   Thumb Code    40  btod.o(CL$$btod_emul)
    __btod_mult_common                       0x08001053   Thumb Code   580  btod.o(CL$$btod_mult_common)
    BusFault_Handler                         0x08001297   Thumb Code     4  stm32f10x_it.o(i.BusFault_Handler)
    Buzzer0                                  0x0800129d   Thumb Code    12  buzzer.o(i.Buzzer0)
    Buzzer1                                  0x080012ad   Thumb Code    12  buzzer.o(i.Buzzer1)
    Buzzer_GPIO_Init                         0x080012bd   Thumb Code    46  buzzer.o(i.Buzzer_GPIO_Init)
    DebugMon_Handler                         0x080012f1   Thumb Code     2  stm32f10x_it.o(i.DebugMon_Handler)
    Delay                                    0x080012f3   Thumb Code    12  oled.o(i.Delay)
    GPIO_Init                                0x080012ff   Thumb Code   278  stm32f10x_gpio.o(i.GPIO_Init)
    GPIO_PinRemapConfig                      0x08001415   Thumb Code   138  stm32f10x_gpio.o(i.GPIO_PinRemapConfig)
    GPIO_ResetBits                           0x080014a5   Thumb Code     4  stm32f10x_gpio.o(i.GPIO_ResetBits)
    GPIO_SetBits                             0x080014a9   Thumb Code     4  stm32f10x_gpio.o(i.GPIO_SetBits)
    HardFault_Handler                        0x080014ad   Thumb Code     4  stm32f10x_it.o(i.HardFault_Handler)
    LED_Init                                 0x080014b1   Thumb Code    72  led.o(i.LED_Init)
    MemManage_Handler                        0x08001501   Thumb Code     4  stm32f10x_it.o(i.MemManage_Handler)
    NMI_Handler                              0x08001505   Thumb Code     2  stm32f10x_it.o(i.NMI_Handler)
    NVIC_Init                                0x08001509   Thumb Code   100  misc.o(i.NVIC_Init)
    OLED_Clear                               0x08001579   Thumb Code    62  oled.o(i.OLED_Clear)
    OLED_IIC_Start                           0x080015b9   Thumb Code    36  oled.o(i.OLED_IIC_Start)
    OLED_IIC_Stop                            0x080015e1   Thumb Code    28  oled.o(i.OLED_IIC_Stop)
    OLED_IIC_Wait_Ack                        0x08001601   Thumb Code    20  oled.o(i.OLED_IIC_Wait_Ack)
    OLED_Init                                0x08001619   Thumb Code   278  oled.o(i.OLED_Init)
    OLED_Set_Pos                             0x08001739   Thumb Code    40  oled.o(i.OLED_Set_Pos)
    OLED_ShowCHinese16x16                    0x08001761   Thumb Code    86  oled.o(i.OLED_ShowCHinese16x16)
    OLED_ShowChar                            0x080017b9   Thumb Code   154  oled.o(i.OLED_ShowChar)
    OLED_ShowString                          0x0800185d   Thumb Code    54  oled.o(i.OLED_ShowString)
    OLED_WR_Byte                             0x08001893   Thumb Code    24  oled.o(i.OLED_WR_Byte)
    OLED_Write_IIC_Byte                      0x080018ad   Thumb Code    80  oled.o(i.OLED_Write_IIC_Byte)
    OLED_Write_IIC_Command                   0x08001901   Thumb Code    44  oled.o(i.OLED_Write_IIC_Command)
    OLED_Write_IIC_Data                      0x0800192d   Thumb Code    44  oled.o(i.OLED_Write_IIC_Data)
    PEC_Calculation                          0x08001959   Thumb Code   186  mlx90614.o(i.PEC_Calculation)
    PendSV_Handler                           0x08001a13   Thumb Code     2  stm32f10x_it.o(i.PendSV_Handler)
    RCC_APB2PeriphClockCmd                   0x08001a15   Thumb Code    26  stm32f10x_rcc.o(i.RCC_APB2PeriphClockCmd)
    RCC_GetClocksFreq                        0x08001a35   Thumb Code   192  stm32f10x_rcc.o(i.RCC_GetClocksFreq)
    SMBus_Delay                              0x08001b09   Thumb Code    26  mlx90614.o(i.SMBus_Delay)
    SMBus_Init                               0x08001b25   Thumb Code    54  mlx90614.o(i.SMBus_Init)
    SMBus_ReadMemory                         0x08001b61   Thumb Code   166  mlx90614.o(i.SMBus_ReadMemory)
    SMBus_ReadTemp                           0x08001c09   Thumb Code    54  mlx90614.o(i.SMBus_ReadTemp)
    SMBus_ReceiveBit                         0x08001c4d   Thumb Code    68  mlx90614.o(i.SMBus_ReceiveBit)
    SMBus_ReceiveByte                        0x08001c95   Thumb Code    50  mlx90614.o(i.SMBus_ReceiveByte)
    SMBus_SendBit                            0x08001cc9   Thumb Code    64  mlx90614.o(i.SMBus_SendBit)
    SMBus_SendByte                           0x08001d0d   Thumb Code    48  mlx90614.o(i.SMBus_SendByte)
    SMBus_StartBit                           0x08001d3d   Thumb Code    64  mlx90614.o(i.SMBus_StartBit)
    SMBus_StopBit                            0x08001d81   Thumb Code    58  mlx90614.o(i.SMBus_StopBit)
    SVC_Handler                              0x08001dc1   Thumb Code     2  stm32f10x_it.o(i.SVC_Handler)
    SysTick_CLKSourceConfig                  0x08001ead   Thumb Code    40  misc.o(i.SysTick_CLKSourceConfig)
    SysTick_Handler                          0x08001ed5   Thumb Code     2  stm32f10x_it.o(i.SysTick_Handler)
    SystemInit                               0x08001ed9   Thumb Code    78  system_stm32f10x.o(i.SystemInit)
    USART1_IRQHandler                        0x08001f39   Thumb Code   122  usart.o(i.USART1_IRQHandler)
    USART_Cmd                                0x08001fc1   Thumb Code    24  stm32f10x_usart.o(i.USART_Cmd)
    USART_GetITStatus                        0x08001fd9   Thumb Code    84  stm32f10x_usart.o(i.USART_GetITStatus)
    USART_ITConfig                           0x0800202d   Thumb Code    74  stm32f10x_usart.o(i.USART_ITConfig)
    USART_Init                               0x08002079   Thumb Code   210  stm32f10x_usart.o(i.USART_Init)
    USART_ReceiveData                        0x08002151   Thumb Code    10  stm32f10x_usart.o(i.USART_ReceiveData)
    UsageFault_Handler                       0x0800215b   Thumb Code     4  stm32f10x_it.o(i.UsageFault_Handler)
    __ARM_fpclassify                         0x0800215f   Thumb Code    40  fpclassify.o(i.__ARM_fpclassify)
    _is_digit                                0x08002187   Thumb Code    14  __printf_wp.o(i._is_digit)
    _sys_exit                                0x08002195   Thumb Code     4  usart.o(i._sys_exit)
    delay_init                               0x08002199   Thumb Code    50  delay.o(i.delay_init)
    delay_ms                                 0x080021dd   Thumb Code    72  delay.o(i.delay_ms)
    display                                  0x08002229   Thumb Code   160  oled.o(i.display)
    fputc                                    0x080022cd   Thumb Code    24  usart.o(i.fputc)
    main                                     0x080022e9   Thumb Code   234  main.o(i.main)
    uart_init                                0x08002401   Thumb Code   152  usart.o(i.uart_init)
    _get_lc_numeric                          0x080024a1   Thumb Code    44  lc_numeric_c.o(locale$$code)
    __aeabi_d2f                              0x080024cd   Thumb Code     0  d2f.o(x$fpl$d2f)
    _d2f                                     0x080024cd   Thumb Code    98  d2f.o(x$fpl$d2f)
    __aeabi_dadd                             0x08002531   Thumb Code     0  daddsub_clz.o(x$fpl$dadd)
    _dadd                                    0x08002531   Thumb Code   332  daddsub_clz.o(x$fpl$dadd)
    __aeabi_ui2d                             0x08002681   Thumb Code     0  dflt_clz.o(x$fpl$dfltu)
    _dfltu                                   0x08002681   Thumb Code    38  dflt_clz.o(x$fpl$dfltu)
    __aeabi_dmul                             0x080026a9   Thumb Code     0  dmul.o(x$fpl$dmul)
    _dmul                                    0x080026a9   Thumb Code   332  dmul.o(x$fpl$dmul)
    __fpl_dnaninf                            0x080027fd   Thumb Code   156  dnaninf.o(x$fpl$dnaninf)
    __fpl_dretinf                            0x08002899   Thumb Code    12  dretinf.o(x$fpl$dretinf)
    __aeabi_dsub                             0x080028a5   Thumb Code     0  daddsub_clz.o(x$fpl$dsub)
    _dsub                                    0x080028a5   Thumb Code   464  daddsub_clz.o(x$fpl$dsub)
    __aeabi_f2d                              0x08002a79   Thumb Code     0  f2d.o(x$fpl$f2d)
    _f2d                                     0x08002a79   Thumb Code    86  f2d.o(x$fpl$f2d)
    __fpl_fcmp_Inf                           0x08002acf   Thumb Code    24  fcmpi.o(x$fpl$fcmpinf)
    __aeabi_cfcmple                          0x08002ae9   Thumb Code     0  fleqf.o(x$fpl$fleqf)
    _fcmple                                  0x08002ae9   Thumb Code   104  fleqf.o(x$fpl$fleqf)
    __fpl_fcmple_InfNaN                      0x08002b3b   Thumb Code     0  fleqf.o(x$fpl$fleqf)
    __fpl_fnaninf                            0x08002b51   Thumb Code   140  fnaninf.o(x$fpl$fnaninf)
    __fpl_fretinf                            0x08002bdd   Thumb Code    10  fretinf.o(x$fpl$fretinf)
    __aeabi_cfrcmple                         0x08002be7   Thumb Code     0  frleqf.o(x$fpl$frleqf)
    _frcmple                                 0x08002be7   Thumb Code    98  frleqf.o(x$fpl$frleqf)
    _printf_fp_dec                           0x08002c49   Thumb Code     4  printf1.o(x$fpl$printf1)
    F6x8                                     0x08002c4c   Data         552  oled.o(.constdata)
    __I$use$fp                               0x08002c4c   Number         0  usenofp.o(x$fpl$usenofp)
    F8X16                                    0x08002e74   Data        1520  oled.o(.constdata)
    Region$$Table$$Base                      0x080034f8   Number         0  anon$$obj.o(Region$$Table)
    Region$$Table$$Limit                     0x08003518   Number         0  anon$$obj.o(Region$$Table)
    setNum                                   0x20000000   Data           4  main.o(.data)
    q                                        0x20000004   Data           1  main.o(.data)
    TempCompany                              0x20000005   Data          32  main.o(.data)
    SystemCoreClock                          0x20000028   Data           4  system_stm32f10x.o(.data)
    AHBPrescTable                            0x2000002c   Data          16  system_stm32f10x.o(.data)
    __stdout                                 0x20000054   Data           4  usart.o(.data)
    USART_RX_STA                             0x20000058   Data           2  usart.o(.data)
    Hzk                                      0x2000005a   Data         896  oled.o(.data)
    LOGO                                     0x200003da   Data         480  oled.o(.data)
    USART_RX_BUF                             0x200005bc   Data         200  usart.o(.bss)
    __libspace_start                         0x20000684   Data          96  libspace.o(.bss)
    __temporary_stack_top$libspace           0x200006e4   Data           0  libspace.o(.bss)



==============================================================================

Memory Map of the image

  Image Entry point : 0x080000ed

  Load Region LR_IROM1 (Base: 0x08000000, Size: 0x00003af0, Max: 0x00010000, ABSOLUTE, COMPRESSED[0x00003830])

    Execution Region ER_IROM1 (Base: 0x08000000, Size: 0x00003534, Max: 0x00010000, ABSOLUTE)

    Base Addr    Size         Type   Attr      Idx    E Section Name        Object

    0x08000000   0x000000ec   Data   RO           19    RESET               startup_stm32f10x_md.o
    0x080000ec   0x00000008   Code   RO         3714  * !!!main             c_w.l(__main.o)
    0x080000f4   0x00000034   Code   RO         3976    !!!scatter          c_w.l(__scatter.o)
    0x08000128   0x0000005a   Code   RO         3974    !!dczerorl2         c_w.l(__dczerorl2.o)
    0x08000182   0x00000002   PAD
    0x08000184   0x0000001c   Code   RO         3978    !!handler_zi        c_w.l(__scatter_zi.o)
    0x080001a0   0x00000000   Code   RO         3709    .ARM.Collect$$_printf_percent$$00000000  c_w.l(_printf_percent.o)
    0x080001a0   0x00000006   Code   RO         3708    .ARM.Collect$$_printf_percent$$00000003  c_w.l(_printf_f.o)
    0x080001a6   0x00000004   Code   RO         3759    .ARM.Collect$$_printf_percent$$00000017  c_w.l(_printf_percent_end.o)
    0x080001aa   0x00000002   Code   RO         3851    .ARM.Collect$$libinit$$00000000  c_w.l(libinit.o)
    0x080001ac   0x00000000   Code   RO         3853    .ARM.Collect$$libinit$$00000002  c_w.l(libinit2.o)
    0x080001ac   0x00000000   Code   RO         3855    .ARM.Collect$$libinit$$00000004  c_w.l(libinit2.o)
    0x080001ac   0x00000000   Code   RO         3858    .ARM.Collect$$libinit$$0000000A  c_w.l(libinit2.o)
    0x080001ac   0x00000000   Code   RO         3860    .ARM.Collect$$libinit$$0000000C  c_w.l(libinit2.o)
    0x080001ac   0x00000000   Code   RO         3862    .ARM.Collect$$libinit$$0000000E  c_w.l(libinit2.o)
    0x080001ac   0x00000006   Code   RO         3863    .ARM.Collect$$libinit$$0000000F  c_w.l(libinit2.o)
    0x080001b2   0x00000000   Code   RO         3865    .ARM.Collect$$libinit$$00000011  c_w.l(libinit2.o)
    0x080001b2   0x00000000   Code   RO         3867    .ARM.Collect$$libinit$$00000013  c_w.l(libinit2.o)
    0x080001b2   0x00000000   Code   RO         3869    .ARM.Collect$$libinit$$00000015  c_w.l(libinit2.o)
    0x080001b2   0x0000000a   Code   RO         3870    .ARM.Collect$$libinit$$00000016  c_w.l(libinit2.o)
    0x080001bc   0x00000000   Code   RO         3871    .ARM.Collect$$libinit$$00000017  c_w.l(libinit2.o)
    0x080001bc   0x00000000   Code   RO         3873    .ARM.Collect$$libinit$$00000019  c_w.l(libinit2.o)
    0x080001bc   0x00000000   Code   RO         3875    .ARM.Collect$$libinit$$0000001B  c_w.l(libinit2.o)
    0x080001bc   0x00000000   Code   RO         3877    .ARM.Collect$$libinit$$0000001D  c_w.l(libinit2.o)
    0x080001bc   0x00000000   Code   RO         3879    .ARM.Collect$$libinit$$0000001F  c_w.l(libinit2.o)
    0x080001bc   0x00000000   Code   RO         3881    .ARM.Collect$$libinit$$00000021  c_w.l(libinit2.o)
    0x080001bc   0x00000000   Code   RO         3883    .ARM.Collect$$libinit$$00000023  c_w.l(libinit2.o)
    0x080001bc   0x00000000   Code   RO         3885    .ARM.Collect$$libinit$$00000025  c_w.l(libinit2.o)
    0x080001bc   0x00000000   Code   RO         3889    .ARM.Collect$$libinit$$0000002C  c_w.l(libinit2.o)
    0x080001bc   0x00000000   Code   RO         3891    .ARM.Collect$$libinit$$0000002E  c_w.l(libinit2.o)
    0x080001bc   0x00000000   Code   RO         3893    .ARM.Collect$$libinit$$00000030  c_w.l(libinit2.o)
    0x080001bc   0x00000000   Code   RO         3895    .ARM.Collect$$libinit$$00000032  c_w.l(libinit2.o)
    0x080001bc   0x00000002   Code   RO         3896    .ARM.Collect$$libinit$$00000033  c_w.l(libinit2.o)
    0x080001be   0x00000002   Code   RO         3924    .ARM.Collect$$libshutdown$$00000000  c_w.l(libshutdown.o)
    0x080001c0   0x00000000   Code   RO         3933    .ARM.Collect$$libshutdown$$00000002  c_w.l(libshutdown2.o)
    0x080001c0   0x00000000   Code   RO         3935    .ARM.Collect$$libshutdown$$00000004  c_w.l(libshutdown2.o)
    0x080001c0   0x00000000   Code   RO         3938    .ARM.Collect$$libshutdown$$00000007  c_w.l(libshutdown2.o)
    0x080001c0   0x00000000   Code   RO         3941    .ARM.Collect$$libshutdown$$0000000A  c_w.l(libshutdown2.o)
    0x080001c0   0x00000000   Code   RO         3943    .ARM.Collect$$libshutdown$$0000000C  c_w.l(libshutdown2.o)
    0x080001c0   0x00000000   Code   RO         3946    .ARM.Collect$$libshutdown$$0000000F  c_w.l(libshutdown2.o)
    0x080001c0   0x00000002   Code   RO         3947    .ARM.Collect$$libshutdown$$00000010  c_w.l(libshutdown2.o)
    0x080001c2   0x00000000   Code   RO         3750    .ARM.Collect$$rtentry$$00000000  c_w.l(__rtentry.o)
    0x080001c2   0x00000000   Code   RO         3774    .ARM.Collect$$rtentry$$00000002  c_w.l(__rtentry2.o)
    0x080001c2   0x00000006   Code   RO         3786    .ARM.Collect$$rtentry$$00000004  c_w.l(__rtentry4.o)
    0x080001c8   0x00000000   Code   RO         3776    .ARM.Collect$$rtentry$$00000009  c_w.l(__rtentry2.o)
    0x080001c8   0x00000004   Code   RO         3777    .ARM.Collect$$rtentry$$0000000A  c_w.l(__rtentry2.o)
    0x080001cc   0x00000000   Code   RO         3779    .ARM.Collect$$rtentry$$0000000C  c_w.l(__rtentry2.o)
    0x080001cc   0x00000008   Code   RO         3780    .ARM.Collect$$rtentry$$0000000D  c_w.l(__rtentry2.o)
    0x080001d4   0x00000002   Code   RO         3897    .ARM.Collect$$rtexit$$00000000  c_w.l(rtexit.o)
    0x080001d6   0x00000000   Code   RO         3904    .ARM.Collect$$rtexit$$00000002  c_w.l(rtexit2.o)
    0x080001d6   0x00000004   Code   RO         3905    .ARM.Collect$$rtexit$$00000003  c_w.l(rtexit2.o)
    0x080001da   0x00000006   Code   RO         3906    .ARM.Collect$$rtexit$$00000004  c_w.l(rtexit2.o)
    0x080001e0   0x00000040   Code   RO           20    .text               startup_stm32f10x_md.o
    0x08000220   0x00000002   Code   RO         3676    .text               c_w.l(use_no_semi_2.o)
    0x08000222   0x00000002   PAD
    0x08000224   0x00000018   Code   RO         3682    .text               c_w.l(noretval__2printf.o)
    0x0800023c   0x00000028   Code   RO         3684    .text               c_w.l(noretval__2sprintf.o)
    0x08000264   0x0000010e   Code   RO         3696    .text               c_w.l(__printf_wp.o)
    0x08000372   0x0000004e   Code   RO         3710    .text               c_w.l(rt_memclr_w.o)
    0x080003c0   0x00000006   Code   RO         3712    .text               c_w.l(heapauxi.o)
    0x080003c6   0x00000002   Code   RO         3748    .text               c_w.l(use_no_semi.o)
    0x080003c8   0x0000041a   Code   RO         3751    .text               c_w.l(_printf_fp_dec.o)
    0x080007e2   0x00000002   PAD
    0x080007e4   0x00000030   Code   RO         3753    .text               c_w.l(_printf_char_common.o)
    0x08000814   0x0000000a   Code   RO         3755    .text               c_w.l(_sputc.o)
    0x0800081e   0x00000002   PAD
    0x08000820   0x00000024   Code   RO         3757    .text               c_w.l(_printf_char_file.o)
    0x08000844   0x00000008   Code   RO         3791    .text               c_w.l(rt_locale_intlibspace.o)
    0x0800084c   0x0000008a   Code   RO         3793    .text               c_w.l(lludiv10.o)
    0x080008d6   0x00000002   PAD
    0x080008d8   0x00000080   Code   RO         3795    .text               c_w.l(_printf_fp_infnan.o)
    0x08000958   0x000000dc   Code   RO         3799    .text               c_w.l(bigflt0.o)
    0x08000a34   0x00000008   Code   RO         3824    .text               c_w.l(ferror.o)
    0x08000a3c   0x00000008   Code   RO         3837    .text               c_w.l(libspace.o)
    0x08000a44   0x0000004a   Code   RO         3840    .text               c_w.l(sys_stackheap_outer.o)
    0x08000a8e   0x00000012   Code   RO         3842    .text               c_w.l(exit.o)
    0x08000aa0   0x00000080   Code   RO         3844    .text               c_w.l(strcmpv7m.o)
    0x08000b20   0x0000003e   Code   RO         3802    CL$$btod_d2e        c_w.l(btod.o)
    0x08000b5e   0x00000046   Code   RO         3804    CL$$btod_d2e_denorm_low  c_w.l(btod.o)
    0x08000ba4   0x00000060   Code   RO         3803    CL$$btod_d2e_norm_op1  c_w.l(btod.o)
    0x08000c04   0x00000338   Code   RO         3812    CL$$btod_div_common  c_w.l(btod.o)
    0x08000f3c   0x000000c6   Code   RO         3809    CL$$btod_e2e        c_w.l(btod.o)
    0x08001002   0x00000028   Code   RO         3806    CL$$btod_ediv       c_w.l(btod.o)
    0x0800102a   0x00000028   Code   RO         3805    CL$$btod_emul       c_w.l(btod.o)
    0x08001052   0x00000244   Code   RO         3811    CL$$btod_mult_common  c_w.l(btod.o)
    0x08001296   0x00000004   Code   RO          154    i.BusFault_Handler  stm32f10x_it.o
    0x0800129a   0x00000002   PAD
    0x0800129c   0x00000010   Code   RO         3650    i.Buzzer0           buzzer.o
    0x080012ac   0x00000010   Code   RO         3651    i.Buzzer1           buzzer.o
    0x080012bc   0x00000034   Code   RO         3652    i.Buzzer_GPIO_Init  buzzer.o
    0x080012f0   0x00000002   Code   RO          155    i.DebugMon_Handler  stm32f10x_it.o
    0x080012f2   0x0000000c   Code   RO         3442    i.Delay             oled.o
    0x080012fe   0x00000116   Code   RO         1428    i.GPIO_Init         stm32f10x_gpio.o
    0x08001414   0x00000090   Code   RO         1430    i.GPIO_PinRemapConfig  stm32f10x_gpio.o
    0x080014a4   0x00000004   Code   RO         1435    i.GPIO_ResetBits    stm32f10x_gpio.o
    0x080014a8   0x00000004   Code   RO         1436    i.GPIO_SetBits      stm32f10x_gpio.o
    0x080014ac   0x00000004   Code   RO          156    i.HardFault_Handler  stm32f10x_it.o
    0x080014b0   0x00000050   Code   RO         3358    i.LED_Init          led.o
    0x08001500   0x00000004   Code   RO          157    i.MemManage_Handler  stm32f10x_it.o
    0x08001504   0x00000002   Code   RO          158    i.NMI_Handler       stm32f10x_it.o
    0x08001506   0x00000002   PAD
    0x08001508   0x00000070   Code   RO          277    i.NVIC_Init         misc.o
    0x08001578   0x0000003e   Code   RO         3445    i.OLED_Clear        oled.o
    0x080015b6   0x00000002   PAD
    0x080015b8   0x00000028   Code   RO         3451    i.OLED_IIC_Start    oled.o
    0x080015e0   0x00000020   Code   RO         3452    i.OLED_IIC_Stop     oled.o
    0x08001600   0x00000018   Code   RO         3453    i.OLED_IIC_Wait_Ack  oled.o
    0x08001618   0x00000120   Code   RO         3454    i.OLED_Init         oled.o
    0x08001738   0x00000028   Code   RO         3461    i.OLED_Set_Pos      oled.o
    0x08001760   0x00000056   Code   RO         3462    i.OLED_ShowCHinese16x16  oled.o
    0x080017b6   0x00000002   PAD
    0x080017b8   0x000000a4   Code   RO         3463    i.OLED_ShowChar     oled.o
    0x0800185c   0x00000036   Code   RO         3465    i.OLED_ShowString   oled.o
    0x08001892   0x00000018   Code   RO         3466    i.OLED_WR_Byte      oled.o
    0x080018aa   0x00000002   PAD
    0x080018ac   0x00000054   Code   RO         3467    i.OLED_Write_IIC_Byte  oled.o
    0x08001900   0x0000002c   Code   RO         3468    i.OLED_Write_IIC_Command  oled.o
    0x0800192c   0x0000002c   Code   RO         3469    i.OLED_Write_IIC_Data  oled.o
    0x08001958   0x000000ba   Code   RO         3370    i.PEC_Calculation   mlx90614.o
    0x08001a12   0x00000002   Code   RO          159    i.PendSV_Handler    stm32f10x_it.o
    0x08001a14   0x00000020   Code   RO         1846    i.RCC_APB2PeriphClockCmd  stm32f10x_rcc.o
    0x08001a34   0x000000d4   Code   RO         1854    i.RCC_GetClocksFreq  stm32f10x_rcc.o
    0x08001b08   0x0000001a   Code   RO         3371    i.SMBus_Delay       mlx90614.o
    0x08001b22   0x00000002   PAD
    0x08001b24   0x0000003c   Code   RO         3372    i.SMBus_Init        mlx90614.o
    0x08001b60   0x000000a6   Code   RO         3373    i.SMBus_ReadMemory  mlx90614.o
    0x08001c06   0x00000002   PAD
    0x08001c08   0x00000044   Code   RO         3374    i.SMBus_ReadTemp    mlx90614.o
    0x08001c4c   0x00000048   Code   RO         3375    i.SMBus_ReceiveBit  mlx90614.o
    0x08001c94   0x00000032   Code   RO         3376    i.SMBus_ReceiveByte  mlx90614.o
    0x08001cc6   0x00000002   PAD
    0x08001cc8   0x00000044   Code   RO         3377    i.SMBus_SendBit     mlx90614.o
    0x08001d0c   0x00000030   Code   RO         3378    i.SMBus_SendByte    mlx90614.o
    0x08001d3c   0x00000044   Code   RO         3379    i.SMBus_StartBit    mlx90614.o
    0x08001d80   0x00000040   Code   RO         3380    i.SMBus_StopBit     mlx90614.o
    0x08001dc0   0x00000002   Code   RO          160    i.SVC_Handler       stm32f10x_it.o
    0x08001dc2   0x00000008   Code   RO          243    i.SetSysClock       system_stm32f10x.o
    0x08001dca   0x00000002   PAD
    0x08001dcc   0x000000e0   Code   RO          244    i.SetSysClockTo72   system_stm32f10x.o
    0x08001eac   0x00000028   Code   RO          281    i.SysTick_CLKSourceConfig  misc.o
    0x08001ed4   0x00000002   Code   RO          161    i.SysTick_Handler   stm32f10x_it.o
    0x08001ed6   0x00000002   PAD
    0x08001ed8   0x00000060   Code   RO          246    i.SystemInit        system_stm32f10x.o
    0x08001f38   0x00000088   Code   RO         3298    i.USART1_IRQHandler  usart.o
    0x08001fc0   0x00000018   Code   RO         3014    i.USART_Cmd         stm32f10x_usart.o
    0x08001fd8   0x00000054   Code   RO         3018    i.USART_GetITStatus  stm32f10x_usart.o
    0x0800202c   0x0000004a   Code   RO         3020    i.USART_ITConfig    stm32f10x_usart.o
    0x08002076   0x00000002   PAD
    0x08002078   0x000000d8   Code   RO         3021    i.USART_Init        stm32f10x_usart.o
    0x08002150   0x0000000a   Code   RO         3028    i.USART_ReceiveData  stm32f10x_usart.o
    0x0800215a   0x00000004   Code   RO          162    i.UsageFault_Handler  stm32f10x_it.o
    0x0800215e   0x00000028   Code   RO         3835    i.__ARM_fpclassify  m_ws.l(fpclassify.o)
    0x08002186   0x0000000e   Code   RO         3698    i._is_digit         c_w.l(__printf_wp.o)
    0x08002194   0x00000004   Code   RO         3299    i._sys_exit         usart.o
    0x08002198   0x00000044   Code   RO         3244    i.delay_init        delay.o
    0x080021dc   0x0000004c   Code   RO         3245    i.delay_ms          delay.o
    0x08002228   0x000000a4   Code   RO         3471    i.display           oled.o
    0x080022cc   0x0000001c   Code   RO         3300    i.fputc             usart.o
    0x080022e8   0x00000118   Code   RO           24    i.main              main.o
    0x08002400   0x000000a0   Code   RO         3301    i.uart_init         usart.o
    0x080024a0   0x0000002c   Code   RO         3829    locale$$code        c_w.l(lc_numeric_c.o)
    0x080024cc   0x00000062   Code   RO         3716    x$fpl$d2f           fz_ws.l(d2f.o)
    0x0800252e   0x00000002   PAD
    0x08002530   0x00000150   Code   RO         3718    x$fpl$dadd          fz_ws.l(daddsub_clz.o)
    0x08002680   0x00000026   Code   RO         3732    x$fpl$dfltu         fz_ws.l(dflt_clz.o)
    0x080026a6   0x00000002   PAD
    0x080026a8   0x00000154   Code   RO         3740    x$fpl$dmul          fz_ws.l(dmul.o)
    0x080027fc   0x0000009c   Code   RO         3762    x$fpl$dnaninf       fz_ws.l(dnaninf.o)
    0x08002898   0x0000000c   Code   RO         3764    x$fpl$dretinf       fz_ws.l(dretinf.o)
    0x080028a4   0x000001d4   Code   RO         3720    x$fpl$dsub          fz_ws.l(daddsub_clz.o)
    0x08002a78   0x00000056   Code   RO         3742    x$fpl$f2d           fz_ws.l(f2d.o)
    0x08002ace   0x00000018   Code   RO         3831    x$fpl$fcmpinf       fz_ws.l(fcmpi.o)
    0x08002ae6   0x00000002   PAD
    0x08002ae8   0x00000068   Code   RO         3766    x$fpl$fleqf         fz_ws.l(fleqf.o)
    0x08002b50   0x0000008c   Code   RO         3768    x$fpl$fnaninf       fz_ws.l(fnaninf.o)
    0x08002bdc   0x0000000a   Code   RO         3770    x$fpl$fretinf       fz_ws.l(fretinf.o)
    0x08002be6   0x00000062   Code   RO         3744    x$fpl$frleqf        fz_ws.l(frleqf.o)
    0x08002c48   0x00000004   Code   RO         3746    x$fpl$printf1       fz_ws.l(printf1.o)
    0x08002c4c   0x00000000   Code   RO         3772    x$fpl$usenofp       fz_ws.l(usenofp.o)
    0x08002c4c   0x00000818   Data   RO         3474    .constdata          oled.o
    0x08003464   0x00000094   Data   RO         3800    .constdata          c_w.l(bigflt0.o)
    0x080034f8   0x00000020   Data   RO         3972    Region$$Table       anon$$obj.o
    0x08003518   0x0000001c   Data   RO         3828    locale$$data        c_w.l(lc_numeric_c.o)


    Execution Region RW_IRAM1 (Base: 0x20000000, Size: 0x00000ce8, Max: 0x00005000, ABSOLUTE, COMPRESSED[0x000002fc])

    Base Addr    Size         Type   Attr      Idx    E Section Name        Object

    0x20000000   0x00000025   Data   RW           25    .data               main.o
    0x20000025   0x00000003   PAD
    0x20000028   0x00000014   Data   RW          247    .data               system_stm32f10x.o
    0x2000003c   0x00000014   Data   RW         1874    .data               stm32f10x_rcc.o
    0x20000050   0x00000004   Data   RW         3247    .data               delay.o
    0x20000054   0x00000006   Data   RW         3303    .data               usart.o
    0x2000005a   0x00000560   Data   RW         3475    .data               oled.o
    0x200005ba   0x00000002   PAD
    0x200005bc   0x000000c8   Zero   RW         3302    .bss                usart.o
    0x20000684   0x00000060   Zero   RW         3838    .bss                c_w.l(libspace.o)
    0x200006e4   0x00000004   PAD
    0x200006e8   0x00000200   Zero   RW           18    HEAP                startup_stm32f10x_md.o
    0x200008e8   0x00000400   Zero   RW           17    STACK               startup_stm32f10x_md.o


==============================================================================

Image component sizes


      Code (inc. data)   RO Data    RW Data    ZI Data      Debug   Object Name

        84         14          0          0          0       1351   buzzer.o
         0          0          0          0          0       4548   core_cm3.o
       144         22          0          4          0       1136   delay.o
        80          8          0          0          0        479   led.o
       280         46          0         37          0     227842   main.o
       152         12          0          0          0       1410   misc.o
       876         38          0          0          0       6782   mlx90614.o
      1162         40       2072       1376          0       9435   oled.o
        64         26        236          0       1536        772   startup_stm32f10x_md.o
       430          6          0          0          0       3650   stm32f10x_gpio.o
        26          0          0          0          0       3526   stm32f10x_it.o
       244         26          0         20          0       3709   stm32f10x_rcc.o
       408          6          0          0          0       4738   stm32f10x_usart.o
       328         28          0         20          0       1977   system_stm32f10x.o
       328         26          0          6        200       3984   usart.o

    ----------------------------------------------------------------------
      4628        298       2340       1468       1736     275339   Object Totals
         0          0         32          0          0          0   (incl. Generated)
        22          0          0          5          0          0   (incl. Padding)

    ----------------------------------------------------------------------

      Code (inc. data)   RO Data    RW Data    ZI Data      Debug   Library Member Name

        90          0          0          0          0          0   __dczerorl2.o
         8          0          0          0          0         68   __main.o
       284          0          0          0          0        156   __printf_wp.o
         0          0          0          0          0          0   __rtentry.o
        12          0          0          0          0          0   __rtentry2.o
         6          0          0          0          0          0   __rtentry4.o
        52          8          0          0          0          0   __scatter.o
        28          0          0          0          0          0   __scatter_zi.o
        48          6          0          0          0         96   _printf_char_common.o
        36          4          0          0          0         80   _printf_char_file.o
         6          0          0          0          0          0   _printf_f.o
      1050          0          0          0          0        216   _printf_fp_dec.o
       128         16          0          0          0         84   _printf_fp_infnan.o
         0          0          0          0          0          0   _printf_percent.o
         4          0          0          0          0          0   _printf_percent_end.o
        10          0          0          0          0         68   _sputc.o
       220          4        148          0          0         96   bigflt0.o
      1910        128          0          0          0        672   btod.o
        18          0          0          0          0         80   exit.o
         8          0          0          0          0         68   ferror.o
         6          0          0          0          0        152   heapauxi.o
        44         10         28          0          0         76   lc_numeric_c.o
         2          0          0          0          0          0   libinit.o
        18          0          0          0          0          0   libinit2.o
         2          0          0          0          0          0   libshutdown.o
         2          0          0          0          0          0   libshutdown2.o
         8          4          0          0         96         68   libspace.o
       138          0          0          0          0         80   lludiv10.o
        24          4          0          0          0         84   noretval__2printf.o
        40          6          0          0          0         84   noretval__2sprintf.o
         8          4          0          0          0         68   rt_locale_intlibspace.o
        78          0          0          0          0         80   rt_memclr_w.o
         2          0          0          0          0          0   rtexit.o
        10          0          0          0          0          0   rtexit2.o
       128          0          0          0          0         68   strcmpv7m.o
        74          0          0          0          0         80   sys_stackheap_outer.o
         2          0          0          0          0         68   use_no_semi.o
         2          0          0          0          0         68   use_no_semi_2.o
        98          4          0          0          0         92   d2f.o
       804         16          0          0          0        272   daddsub_clz.o
        38          0          0          0          0         68   dflt_clz.o
       340         12          0          0          0        104   dmul.o
       156          4          0          0          0         92   dnaninf.o
        12          0          0          0          0         68   dretinf.o
        86          4          0          0          0         84   f2d.o
        24          0          0          0          0         68   fcmpi.o
       104          4          0          0          0         84   fleqf.o
       140          4          0          0          0         84   fnaninf.o
        10          0          0          0          0         68   fretinf.o
        98          0          0          0          0         68   frleqf.o
         4          0          0          0          0         68   printf1.o
         0          0          0          0          0          0   usenofp.o
        40          0          0          0          0         68   fpclassify.o

    ----------------------------------------------------------------------
      6476        242        176          0        100       3948   Library Totals
        16          0          0          0          4          0   (incl. Padding)

    ----------------------------------------------------------------------

      Code (inc. data)   RO Data    RW Data    ZI Data      Debug   Library Name

      4506        194        176          0         96       2660   c_w.l
      1914         48          0          0          0       1220   fz_ws.l
        40          0          0          0          0         68   m_ws.l

    ----------------------------------------------------------------------
      6476        242        176          0        100       3948   Library Totals

    ----------------------------------------------------------------------

==============================================================================


      Code (inc. data)   RO Data    RW Data    ZI Data      Debug   

     11104        540       2516       1468       1836     274083   Grand Totals
     11104        540       2516        764       1836     274083   ELF Image Totals (compressed)
     11104        540       2516        764          0          0   ROM Totals

==============================================================================

    Total RO  Size (Code + RO Data)                13620 (  13.30kB)
    Total RW  Size (RW Data + ZI Data)              3304 (   3.23kB)
    Total ROM Size (Code + RO Data + RW Data)      14384 (  14.05kB)

==============================================================================

